Archiving D:\Devs\C++\OpenVegas\SAMPLES\veg_project\project_transitions_othersmores.veg
	to D:\Devs\C++\OpenVegas\SAMPLES\veg_project\final-cut-pro-7_davinci-resolve\project_transitions_othersmores.xml
Copied D:\Devs\C++\OpenVegas\SAMPLES\veg_project\big-buck-bunny_video-60fps-4k.mp4
	to D:\Devs\C++\OpenVegas\SAMPLES\veg_project\final-cut-pro-7_davinci-resolve\big-buck-bunny_video-60fps-4k - 11.mp4
Copied D:\Devs\C++\OpenVegas\SAMPLES\veg_project\big-buck-bunny_video-60fps-4k.mp4.sfl
	to D:\Devs\C++\OpenVegas\SAMPLES\veg_project\final-cut-pro-7_davinci-resolve\big-buck-bunny_video-60fps-4k - 11.mp4.sfl
Deinterlace method ignored.
Motion blur type ignored.
Codec for first video event in sequence not found.
Effects for track 2 ignored.
Loop switch for event at 00:00:00,00 in track 2 ignored.
Loop switch for event at 00:00:01,20 in track 2 ignored.
Loop switch for event at 00:00:05,31 in track 2 ignored.
Loop switch for event at 00:00:08,33 in track 2 ignored.
Loop switch for event at 00:00:11,15 in track 2 ignored.
Loop switch for event at 00:00:14,07 in track 2 ignored.
Loop switch for event at 00:00:16,32 in track 2 ignored.
Loop switch for event at 00:00:18,44 in track 2 ignored.
Loop switch for event at 00:00:21,04 in track 2 ignored.
Loop switch for event at 00:00:23,29 in track 2 ignored.
Loop switch for event at 00:00:25,41 in track 2 ignored.
Loop switch for event at 00:00:28,12 in track 2 ignored.
Loop switch for event at 00:00:30,28 in track 2 ignored.
Loop switch for event at 00:00:33,01 in track 2 ignored.
Loop switch for event at 00:00:35,27 in track 2 ignored.
Loop switch for event at 00:00:37,48 in track 2 ignored.
Loop switch for event at 00:00:39,53 in track 2 ignored.
Loop switch for event at 00:00:42,14 in track 2 ignored.
Loop switch for event at 00:00:44,29 in track 2 ignored.
Loop switch for event at 00:00:46,45 in track 2 ignored.
Loop switch for event at 00:00:49,02 in track 2 ignored.
Loop switch for event at 00:00:51,18 in track 2 ignored.
Loop switch for event at 00:00:53,41 in track 2 ignored.
Loop switch for event at 00:00:56,17 in track 2 ignored.
Loop switch for event at 00:00:58,40 in track 2 ignored.
Loop switch for event at 00:01:01,12 in track 2 ignored.
Loop switch for event at 00:01:03,45 in track 2 ignored.
Loop switch for event at 00:01:06,22 in track 2 ignored.
Loop switch for event at 00:01:08,55 in track 2 ignored.
Loop switch for event at 00:01:11,40 in track 2 ignored.
Loop switch for event at 00:01:14,17 in track 2 ignored.
Loop switch for event at 00:01:17,22 in track 2 ignored.
Loop switch for event at 00:01:19,57 in track 2 ignored.
Loop switch for event at 00:01:22,49 in track 2 ignored.
Loop switch for event at 00:01:25,31 in track 2 ignored.
Loop switch for event at 00:01:28,42 in track 2 ignored.
Loop switch for event at 00:01:32,06 in track 2 ignored.
Loop switch for event at 00:01:35,52 in track 2 ignored.
Loop switch for event at 00:01:39,21 in track 2 ignored.
Loop switch for event at 00:01:43,24 in track 2 ignored.
Loop switch for event at 00:01:46,33 in track 2 ignored.
Loop switch for event at 00:01:49,55 in track 2 ignored.
Loop switch for event at 00:01:52,56 in track 2 ignored.
Loop switch for event at 00:01:55,15 in track 2 ignored.
Loop switch for event at 00:01:57,12 in track 2 ignored.
Loop switch for event at 00:01:58,57 in track 2 ignored.
Loop switch for event at 00:02:00,19 in track 2 ignored.
Loop switch for event at 00:02:01,39 in track 2 ignored.
Loop switch for event at 00:02:02,50 in track 2 ignored.
Loop switch for event at 00:02:04,17 in track 2 ignored.
Loop switch for event at 00:02:05,33 in track 2 ignored.
Loop switch for event at 00:02:07,01 in track 2 ignored.
Loop switch for event at 00:02:08,31 in track 2 ignored.
Loop switch for event at 00:02:10,02 in track 2 ignored.
Loop switch for event at 00:02:11,50 in track 2 ignored.
Loop switch for event at 00:02:13,24 in track 2 ignored.
Loop switch for event at 00:02:14,53 in track 2 ignored.
Loop switch for event at 00:02:16,19 in track 2 ignored.
Loop switch for event at 00:02:17,37 in track 2 ignored.
Loop switch for event at 00:02:19,02 in track 2 ignored.
Loop switch for event at 00:02:20,26 in track 2 ignored.
Loop switch for event at 00:02:21,48 in track 2 ignored.
Loop switch for event at 00:02:23,03 in track 2 ignored.
Loop switch for event at 00:02:24,22 in track 2 ignored.
Loop switch for event at 00:02:25,42 in track 2 ignored.
Loop switch for event at 00:02:27,09 in track 2 ignored.
Loop switch for event at 00:02:28,26 in track 2 ignored.
Loop switch for event at 00:02:29,49 in track 2 ignored.
Loop switch for event at 00:02:31,04 in track 2 ignored.
Loop switch for event at 00:02:32,12 in track 2 ignored.
Loop switch for event at 00:02:33,28 in track 2 ignored.
Loop switch for event at 00:02:34,43 in track 2 ignored.
Loop switch for event at 00:02:36,00 in track 2 ignored.
Loop switch for event at 00:02:37,18 in track 2 ignored.
Loop switch for event at 00:02:38,36 in track 2 ignored.
Loop switch for event at 00:02:39,52 in track 2 ignored.
Loop switch for event at 00:02:41,10 in track 2 ignored.
Loop switch for event at 00:02:42,23 in track 2 ignored.
Loop switch for event at 00:02:43,44 in track 2 ignored.
Loop switch for event at 00:02:45,07 in track 2 ignored.
Loop switch for event at 00:02:46,19 in track 2 ignored.
Loop switch for event at 00:02:47,24 in track 2 ignored.
Loop switch for event at 00:02:48,39 in track 2 ignored.
Loop switch for event at 00:02:49,52 in track 2 ignored.
Loop switch for event at 00:02:51,06 in track 2 ignored.
Loop switch for event at 00:02:52,17 in track 2 ignored.
Loop switch for event at 00:02:53,36 in track 2 ignored.
Loop switch for event at 00:02:54,47 in track 2 ignored.
Loop switch for event at 00:02:56,03 in track 2 ignored.
Loop switch for event at 00:02:57,22 in track 2 ignored.
Loop switch for event at 00:02:58,46 in track 2 ignored.
Loop switch for event at 00:03:00,01 in track 2 ignored.
Loop switch for event at 00:03:01,17 in track 2 ignored.
Loop switch for event at 00:03:02,30 in track 2 ignored.
Loop switch for event at 00:03:03,43 in track 2 ignored.
Loop switch for event at 00:03:04,58 in track 2 ignored.
Loop switch for event at 00:03:06,12 in track 2 ignored.
Loop switch for event at 00:03:07,21 in track 2 ignored.
Loop switch for event at 00:03:08,22 in track 2 ignored.
Loop switch for event at 00:03:09,42 in track 2 ignored.
Loop switch for event at 00:03:11,04 in track 2 ignored.
Loop switch for event at 00:03:12,31 in track 2 ignored.
Loop switch for event at 00:03:14,01 in track 2 ignored.
Loop switch for event at 00:03:15,33 in track 2 ignored.
Loop switch for event at 00:03:16,48 in track 2 ignored.
Loop switch for event at 00:03:18,10 in track 2 ignored.
Loop switch for event at 00:03:19,26 in track 2 ignored.
Loop switch for event at 00:03:20,35 in track 2 ignored.
Loop switch for event at 00:03:22,05 in track 2 ignored.
Loop switch for event at 00:03:23,26 in track 2 ignored.
Loop switch for event at 00:03:24,46 in track 2 ignored.
Loop switch for event at 00:03:26,00 in track 2 ignored.
Loop switch for event at 00:03:27,15 in track 2 ignored.
Loop switch for event at 00:03:28,30 in track 2 ignored.
Loop switch for event at 00:03:29,44 in track 2 ignored.
Loop switch for event at 00:03:31,14 in track 2 ignored.
Loop switch for event at 00:03:32,38 in track 2 ignored.
Loop switch for event at 00:03:34,08 in track 2 ignored.
Loop switch for event at 00:03:35,25 in track 2 ignored.
Loop switch for event at 00:03:36,45 in track 2 ignored.
Loop switch for event at 00:03:37,56 in track 2 ignored.
Loop switch for event at 00:03:39,12 in track 2 ignored.
Loop switch for event at 00:03:40,26 in track 2 ignored.
Loop switch for event at 00:03:41,46 in track 2 ignored.
Loop switch for event at 00:03:43,04 in track 2 ignored.
Loop switch for event at 00:03:44,18 in track 2 ignored.
Loop switch for event at 00:03:45,18 in track 2 ignored.
Loop switch for event at 00:03:46,35 in track 2 ignored.
Loop switch for event at 00:03:48,01 in track 2 ignored.
Loop switch for event at 00:03:49,14 in track 2 ignored.
Loop switch for event at 00:03:50,22 in track 2 ignored.
Loop switch for event at 00:03:51,29 in track 2 ignored.
Loop switch for event at 00:03:52,45 in track 2 ignored.
Loop switch for event at 00:03:54,02 in track 2 ignored.
Loop switch for event at 00:03:55,15 in track 2 ignored.
Loop switch for event at 00:03:56,30 in track 2 ignored.
Loop switch for event at 00:03:57,41 in track 2 ignored.
Loop switch for event at 00:03:58,58 in track 2 ignored.
Loop switch for event at 00:04:00,13 in track 2 ignored.
Loop switch for event at 00:04:01,29 in track 2 ignored.
Loop switch for event at 00:04:02,49 in track 2 ignored.
Loop switch for event at 00:04:04,02 in track 2 ignored.
Loop switch for event at 00:04:05,14 in track 2 ignored.
Loop switch for event at 00:04:06,29 in track 2 ignored.
Loop switch for event at 00:04:07,32 in track 2 ignored.
Loop switch for event at 00:04:08,43 in track 2 ignored.
Loop switch for event at 00:04:09,58 in track 2 ignored.
Loop switch for event at 00:04:11,12 in track 2 ignored.
Loop switch for event at 00:04:12,28 in track 2 ignored.
Loop switch for event at 00:04:13,47 in track 2 ignored.
Loop switch for event at 00:04:15,12 in track 2 ignored.
Loop switch for event at 00:04:16,44 in track 2 ignored.
Loop switch for event at 00:04:18,11 in track 2 ignored.
Loop switch for event at 00:04:19,33 in track 2 ignored.
Loop switch for event at 00:04:20,55 in track 2 ignored.
Loop switch for event at 00:04:22,14 in track 2 ignored.
Loop switch for event at 00:04:23,38 in track 2 ignored.
Loop switch for event at 00:04:25,00 in track 2 ignored.
Loop switch for event at 00:04:26,17 in track 2 ignored.
Loop switch for event at 00:04:27,38 in track 2 ignored.
Loop switch for event at 00:04:28,59 in track 2 ignored.
Loop switch for event at 00:04:30,19 in track 2 ignored.
Loop switch for event at 00:04:31,42 in track 2 ignored.
Loop switch for event at 00:04:32,56 in track 2 ignored.
Loop switch for event at 00:04:34,14 in track 2 ignored.
Loop switch for event at 00:04:35,27 in track 2 ignored.
Loop switch for event at 00:04:36,44 in track 2 ignored.
Loop switch for event at 00:04:37,59 in track 2 ignored.
Loop switch for event at 00:04:39,13 in track 2 ignored.
Loop switch for event at 00:04:40,27 in track 2 ignored.
Loop switch for event at 00:04:41,44 in track 2 ignored.
Loop switch for event at 00:04:43,06 in track 2 ignored.
Loop switch for event at 00:04:44,20 in track 2 ignored.
Loop switch for event at 00:04:45,46 in track 2 ignored.
Loop switch for event at 00:04:47,02 in track 2 ignored.
Loop switch for event at 00:04:48,17 in track 2 ignored.
Loop switch for event at 00:04:49,46 in track 2 ignored.
Loop switch for event at 00:04:50,57 in track 2 ignored.
Loop switch for event at 00:04:52,10 in track 2 ignored.
Loop switch for event at 00:04:53,13 in track 2 ignored.
Loop switch for event at 00:04:54,04 in track 2 ignored.
Loop switch for event at 00:04:54,49 in track 2 ignored.
Loop switch for event at 00:04:55,30 in track 2 ignored.
Loop switch for event at 00:04:56,16 in track 2 ignored.
Loop switch for event at 00:04:56,55 in track 2 ignored.
Loop switch for event at 00:04:57,31 in track 2 ignored.
Loop switch for event at 00:04:58,08 in track 2 ignored.
Loop switch for event at 00:04:58,45 in track 2 ignored.
Loop switch for event at 00:04:59,24 in track 2 ignored.
Loop switch for event at 00:05:00,08 in track 2 ignored.
Loop switch for event at 00:05:00,42 in track 2 ignored.
Loop switch for event at 00:05:01,16 in track 2 ignored.
Loop switch for event at 00:05:01,55 in track 2 ignored.
Loop switch for event at 00:05:02,32 in track 2 ignored.
Loop switch for event at 00:05:03,18 in track 2 ignored.
Loop switch for event at 00:05:04,12 in track 2 ignored.
Loop switch for event at 00:05:05,11 in track 2 ignored.
Loop switch for event at 00:05:06,03 in track 2 ignored.
Loop switch for event at 00:05:07,04 in track 2 ignored.
Loop switch for event at 00:05:07,49 in track 2 ignored.
Loop switch for event at 00:05:08,38 in track 2 ignored.
Loop switch for event at 00:05:09,27 in track 2 ignored.
Loop switch for event at 00:05:10,14 in track 2 ignored.
Loop switch for event at 00:05:10,59 in track 2 ignored.
Loop switch for event at 00:05:11,43 in track 2 ignored.
Loop switch for event at 00:05:12,28 in track 2 ignored.
Loop switch for event at 00:05:13,13 in track 2 ignored.
Loop switch for event at 00:05:13,59 in track 2 ignored.
Loop switch for event at 00:05:14,42 in track 2 ignored.
Loop switch for event at 00:05:15,23 in track 2 ignored.
Loop switch for event at 00:05:16,05 in track 2 ignored.
Loop switch for event at 00:05:16,45 in track 2 ignored.
Loop switch for event at 00:05:17,28 in track 2 ignored.
Loop switch for event at 00:05:18,10 in track 2 ignored.
Loop switch for event at 00:05:18,51 in track 2 ignored.
Loop switch for event at 00:05:19,35 in track 2 ignored.
Loop switch for event at 00:05:20,19 in track 2 ignored.
Loop switch for event at 00:05:20,58 in track 2 ignored.
Loop switch for event at 00:05:21,34 in track 2 ignored.
Loop switch for event at 00:05:22,08 in track 2 ignored.
Loop switch for event at 00:05:22,42 in track 2 ignored.
Loop switch for event at 00:05:23,20 in track 2 ignored.
Loop switch for event at 00:05:24,00 in track 2 ignored.
Loop switch for event at 00:05:24,35 in track 2 ignored.
Loop switch for event at 00:05:25,09 in track 2 ignored.
Loop switch for event at 00:05:25,44 in track 2 ignored.
Loop switch for event at 00:05:26,16 in track 2 ignored.
Loop switch for event at 00:05:26,50 in track 2 ignored.
Loop switch for event at 00:05:27,23 in track 2 ignored.
Loop switch for event at 00:05:28,02 in track 2 ignored.
Loop switch for event at 00:05:28,41 in track 2 ignored.
Loop switch for event at 00:05:29,21 in track 2 ignored.
Loop switch for event at 00:05:30,00 in track 2 ignored.
Loop switch for event at 00:05:30,44 in track 2 ignored.
Loop switch for event at 00:05:31,31 in track 2 ignored.
Loop switch for event at 00:05:32,15 in track 2 ignored.
Loop switch for event at 00:05:32,59 in track 2 ignored.
Loop switch for event at 00:05:33,40 in track 2 ignored.
Loop switch for event at 00:05:34,22 in track 2 ignored.
Loop switch for event at 00:05:35,02 in track 2 ignored.
Loop switch for event at 00:05:35,43 in track 2 ignored.
Loop switch for event at 00:05:36,22 in track 2 ignored.
Loop switch for event at 00:05:37,10 in track 2 ignored.
Loop switch for event at 00:05:37,55 in track 2 ignored.
Loop switch for event at 00:05:38,37 in track 2 ignored.
Loop switch for event at 00:05:39,19 in track 2 ignored.
Loop switch for event at 00:05:39,58 in track 2 ignored.
Loop switch for event at 00:05:40,40 in track 2 ignored.
Loop switch for event at 00:05:41,15 in track 2 ignored.
Loop switch for event at 00:05:41,57 in track 2 ignored.
Loop switch for event at 00:05:42,36 in track 2 ignored.
Loop switch for event at 00:05:43,09 in track 2 ignored.
Loop switch for event at 00:05:43,45 in track 2 ignored.
Loop switch for event at 00:05:44,23 in track 2 ignored.
Loop switch for event at 00:05:45,05 in track 2 ignored.
Loop switch for event at 00:05:45,42 in track 2 ignored.
Loop switch for event at 00:05:46,18 in track 2 ignored.
Loop switch for event at 00:05:46,59 in track 2 ignored.
Loop switch for event at 00:05:47,39 in track 2 ignored.
Loop switch for event at 00:05:48,22 in track 2 ignored.
Loop switch for event at 00:05:49,09 in track 2 ignored.
Loop switch for event at 00:05:49,59 in track 2 ignored.
Loop switch for event at 00:05:50,39 in track 2 ignored.
Loop switch for event at 00:05:51,17 in track 2 ignored.
Loop switch for event at 00:05:51,57 in track 2 ignored.
Loop switch for event at 00:05:52,43 in track 2 ignored.
Loop switch for event at 00:05:53,28 in track 2 ignored.
Loop switch for event at 00:05:54,09 in track 2 ignored.
Loop switch for event at 00:05:54,45 in track 2 ignored.
Loop switch for event at 00:05:55,19 in track 2 ignored.
Loop switch for event at 00:05:55,57 in track 2 ignored.
Loop switch for event at 00:05:56,41 in track 2 ignored.
Loop switch for event at 00:05:57,24 in track 2 ignored.
Loop switch for event at 00:05:58,09 in track 2 ignored.
Loop switch for event at 00:05:58,58 in track 2 ignored.
Loop switch for event at 00:05:59,35 in track 2 ignored.
Loop switch for event at 00:06:00,14 in track 2 ignored.
Loop switch for event at 00:06:00,56 in track 2 ignored.
Loop switch for event at 00:06:01,45 in track 2 ignored.
Loop switch for event at 00:06:02,29 in track 2 ignored.
Loop switch for event at 00:06:03,17 in track 2 ignored.
Loop switch for event at 00:06:04,03 in track 2 ignored.
Loop switch for event at 00:06:04,48 in track 2 ignored.
Loop switch for event at 00:06:05,34 in track 2 ignored.
Loop switch for event at 00:06:06,14 in track 2 ignored.
Loop switch for event at 00:06:06,53 in track 2 ignored.
Loop switch for event at 00:06:07,37 in track 2 ignored.
Loop switch for event at 00:06:08,20 in track 2 ignored.
Loop switch for event at 00:06:09,05 in track 2 ignored.
Loop switch for event at 00:06:09,54 in track 2 ignored.
Loop switch for event at 00:06:10,47 in track 2 ignored.
Loop switch for event at 00:06:11,47 in track 2 ignored.
Loop switch for event at 00:06:12,38 in track 2 ignored.
Loop switch for event at 00:06:13,25 in track 2 ignored.
Loop switch for event at 00:06:14,16 in track 2 ignored.
Loop switch for event at 00:06:15,11 in track 2 ignored.
Loop switch for event at 00:06:16,06 in track 2 ignored.
Loop switch for event at 00:06:16,53 in track 2 ignored.
Loop switch for event at 00:06:17,54 in track 2 ignored.
Loop switch for event at 00:06:18,55 in track 2 ignored.
Loop switch for event at 00:06:19,43 in track 2 ignored.
Loop switch for event at 00:06:20,29 in track 2 ignored.
Loop switch for event at 00:06:21,16 in track 2 ignored.
Loop switch for event at 00:06:22,02 in track 2 ignored.
Loop switch for event at 00:06:22,53 in track 2 ignored.
Loop switch for event at 00:06:23,42 in track 2 ignored.
Loop switch for event at 00:06:24,28 in track 2 ignored.
Loop switch for event at 00:06:25,19 in track 2 ignored.
Loop switch for event at 00:06:26,05 in track 2 ignored.
Loop switch for event at 00:06:26,50 in track 2 ignored.
Loop switch for event at 00:06:27,30 in track 2 ignored.
Loop switch for event at 00:06:28,10 in track 2 ignored.
Loop switch for event at 00:06:28,50 in track 2 ignored.
Loop switch for event at 00:06:29,31 in track 2 ignored.
Loop switch for event at 00:06:30,08 in track 2 ignored.
Loop switch for event at 00:06:30,55 in track 2 ignored.
Loop switch for event at 00:06:31,34 in track 2 ignored.
Loop switch for event at 00:06:32,17 in track 2 ignored.
Loop switch for event at 00:06:32,55 in track 2 ignored.
Loop switch for event at 00:06:33,36 in track 2 ignored.
Loop switch for event at 00:06:34,24 in track 2 ignored.
Loop switch for event at 00:06:35,17 in track 2 ignored.
Loop switch for event at 00:06:36,03 in track 2 ignored.
Loop switch for event at 00:06:37,09 in track 2 ignored.
Loop switch for event at 00:06:37,54 in track 2 ignored.
Loop switch for event at 00:06:38,42 in track 2 ignored.
Loop switch for event at 00:06:39,28 in track 2 ignored.
Loop switch for event at 00:06:40,12 in track 2 ignored.
Loop switch for event at 00:06:40,59 in track 2 ignored.
Loop switch for event at 00:06:41,44 in track 2 ignored.
Loop switch for event at 00:06:42,24 in track 2 ignored.
Composite mode for track 1 ignored.
Loop switch for event at 00:00:00,00 in track 1 ignored.
Loop switch for event at 00:00:01,20 in track 1 ignored.
Ignoring 3D Blinds transition effect for event at 00:00:01,20 in track 1(replacing it with a simple cross dissolve).
Loop switch for event at 00:00:05,31 in track 1 ignored.
Ignoring 3D Blinds transition effect for event at 00:00:05,31 in track 1(replacing it with a simple cross dissolve).
Loop switch for event at 00:00:08,33 in track 1 ignored.
Ignoring 3D Blinds transition effect for event at 00:00:08,33 in track 1(replacing it with a simple cross dissolve).
Loop switch for event at 00:00:11,15 in track 1 ignored.
Ignoring 3D Blinds transition effect for event at 00:00:11,15 in track 1(replacing it with a simple cross dissolve).
Loop switch for event at 00:00:14,07 in track 1 ignored.
Ignoring 3D Cascade transition effect for event at 00:00:14,07 in track 1(replacing it with a simple cross dissolve).
Loop switch for event at 00:00:16,32 in track 1 ignored.
Ignoring 3D Cascade transition effect for event at 00:00:16,32 in track 1(replacing it with a simple cross dissolve).
Loop switch for event at 00:00:18,44 in track 1 ignored.
Ignoring 3D Cascade transition effect for event at 00:00:18,44 in track 1(replacing it with a simple cross dissolve).
Loop switch for event at 00:00:21,04 in track 1 ignored.
Ignoring 3D Fly In/Out transition effect for event at 00:00:21,04 in track 1(replacing it with a simple cross dissolve).
Loop switch for event at 00:00:23,29 in track 1 ignored.
Ignoring 3D Fly In/Out transition effect for event at 00:00:23,29 in track 1(replacing it with a simple cross dissolve).
Loop switch for event at 00:00:25,41 in track 1 ignored.
Ignoring 3D Fly In/Out transition effect for event at 00:00:25,41 in track 1(replacing it with a simple cross dissolve).
Loop switch for event at 00:00:28,12 in track 1 ignored.
Ignoring 3D Shuffle transition effect for event at 00:00:28,12 in track 1(replacing it with a simple cross dissolve).
Loop switch for event at 00:00:30,28 in track 1 ignored.
Ignoring 3D Shuffle transition effect for event at 00:00:30,28 in track 1(replacing it with a simple cross dissolve).
Loop switch for event at 00:00:33,01 in track 1 ignored.
Ignoring Barn Door transition effect for event at 00:00:33,01 in track 1(replacing it with a simple cross dissolve).
Loop switch for event at 00:00:35,27 in track 1 ignored.
Ignoring Barn Door transition effect for event at 00:00:35,27 in track 1(replacing it with a simple cross dissolve).
Loop switch for event at 00:00:37,48 in track 1 ignored.
Ignoring Barn Door transition effect for event at 00:00:37,48 in track 1(replacing it with a simple cross dissolve).
Loop switch for event at 00:00:39,53 in track 1 ignored.
Ignoring Barn Door transition effect for event at 00:00:39,53 in track 1(replacing it with a simple cross dissolve).
Loop switch for event at 00:00:42,14 in track 1 ignored.
Ignoring Barn Door transition effect for event at 00:00:42,14 in track 1(replacing it with a simple cross dissolve).
Loop switch for event at 00:00:44,29 in track 1 ignored.
Ignoring Barn Door transition effect for event at 00:00:44,29 in track 1(replacing it with a simple cross dissolve).
Loop switch for event at 00:00:46,45 in track 1 ignored.
Ignoring Barn Door transition effect for event at 00:00:46,45 in track 1(replacing it with a simple cross dissolve).
Loop switch for event at 00:00:49,02 in track 1 ignored.
Ignoring Barn Door transition effect for event at 00:00:49,02 in track 1(replacing it with a simple cross dissolve).
Loop switch for event at 00:00:51,18 in track 1 ignored.
Ignoring Barn Door transition effect for event at 00:00:51,18 in track 1(replacing it with a simple cross dissolve).
Loop switch for event at 00:00:53,41 in track 1 ignored.
Ignoring Barn Door transition effect for event at 00:00:53,41 in track 1(replacing it with a simple cross dissolve).
Loop switch for event at 00:00:56,17 in track 1 ignored.
Ignoring Barn Door transition effect for event at 00:00:56,17 in track 1(replacing it with a simple cross dissolve).
Loop switch for event at 00:00:58,40 in track 1 ignored.
Ignoring Clock Wipe transition effect for event at 00:00:58,40 in track 1(replacing it with a simple cross dissolve).
Loop switch for event at 00:01:01,12 in track 1 ignored.
Ignoring Clock Wipe transition effect for event at 00:01:01,12 in track 1(replacing it with a simple cross dissolve).
Loop switch for event at 00:01:03,45 in track 1 ignored.
Ignoring Clock Wipe transition effect for event at 00:01:03,45 in track 1(replacing it with a simple cross dissolve).
Loop switch for event at 00:01:06,22 in track 1 ignored.
Ignoring Clock Wipe transition effect for event at 00:01:06,22 in track 1(replacing it with a simple cross dissolve).
Loop switch for event at 00:01:08,55 in track 1 ignored.
Ignoring Clock Wipe transition effect for event at 00:01:08,55 in track 1(replacing it with a simple cross dissolve).
Loop switch for event at 00:01:11,40 in track 1 ignored.
Ignoring Clock Wipe transition effect for event at 00:01:11,40 in track 1(replacing it with a simple cross dissolve).
Loop switch for event at 00:01:14,17 in track 1 ignored.
Ignoring Clock Wipe transition effect for event at 00:01:14,17 in track 1(replacing it with a simple cross dissolve).
Loop switch for event at 00:01:17,22 in track 1 ignored.
Ignoring Cross Effect transition effect for event at 00:01:17,22 in track 1(replacing it with a simple cross dissolve).
Loop switch for event at 00:01:19,57 in track 1 ignored.
Ignoring Cross Effect transition effect for event at 00:01:19,57 in track 1(replacing it with a simple cross dissolve).
Loop switch for event at 00:01:22,49 in track 1 ignored.
Ignoring Cross Effect transition effect for event at 00:01:22,49 in track 1(replacing it with a simple cross dissolve).
Loop switch for event at 00:01:25,31 in track 1 ignored.
Ignoring Cross Effect transition effect for event at 00:01:25,31 in track 1(replacing it with a simple cross dissolve).
Loop switch for event at 00:01:28,42 in track 1 ignored.
Ignoring Cross Effect transition effect for event at 00:01:28,42 in track 1(replacing it with a simple cross dissolve).
Loop switch for event at 00:01:32,06 in track 1 ignored.
Ignoring Cross Effect transition effect for event at 00:01:32,06 in track 1(replacing it with a simple cross dissolve).
Loop switch for event at 00:01:35,52 in track 1 ignored.
Ignoring Cross Effect transition effect for event at 00:01:35,52 in track 1(replacing it with a simple cross dissolve).
Loop switch for event at 00:01:39,21 in track 1 ignored.
Ignoring Cross Effect transition effect for event at 00:01:39,21 in track 1(replacing it with a simple cross dissolve).
Loop switch for event at 00:01:43,24 in track 1 ignored.
Ignoring Cross Effect transition effect for event at 00:01:43,24 in track 1(replacing it with a simple cross dissolve).
Loop switch for event at 00:01:46,33 in track 1 ignored.
Ignoring Cross Effect transition effect for event at 00:01:46,33 in track 1(replacing it with a simple cross dissolve).
Loop switch for event at 00:01:49,55 in track 1 ignored.
Ignoring Cross Effect transition effect for event at 00:01:49,55 in track 1(replacing it with a simple cross dissolve).
Loop switch for event at 00:01:52,56 in track 1 ignored.
Ignoring Dissolve transition effect for event at 00:01:52,56 in track 1(replacing it with a simple cross dissolve).
Loop switch for event at 00:01:55,15 in track 1 ignored.
Ignoring Dissolve transition effect for event at 00:01:55,15 in track 1(replacing it with a simple cross dissolve).
Loop switch for event at 00:01:57,12 in track 1 ignored.
Ignoring Dissolve transition effect for event at 00:01:57,12 in track 1(replacing it with a simple cross dissolve).
Loop switch for event at 00:01:58,57 in track 1 ignored.
Ignoring Dissolve transition effect for event at 00:01:58,57 in track 1(replacing it with a simple cross dissolve).
Loop switch for event at 00:02:00,19 in track 1 ignored.
Ignoring Dissolve transition effect for event at 00:02:00,19 in track 1(replacing it with a simple cross dissolve).
Loop switch for event at 00:02:01,39 in track 1 ignored.
Ignoring Dissolve transition effect for event at 00:02:01,39 in track 1(replacing it with a simple cross dissolve).
Loop switch for event at 00:02:02,50 in track 1 ignored.
Ignoring Dissolve transition effect for event at 00:02:02,50 in track 1(replacing it with a simple cross dissolve).
Loop switch for event at 00:02:04,17 in track 1 ignored.
Ignoring Dissolve transition effect for event at 00:02:04,17 in track 1(replacing it with a simple cross dissolve).
Loop switch for event at 00:02:05,33 in track 1 ignored.
Ignoring Dissolve transition effect for event at 00:02:05,33 in track 1(replacing it with a simple cross dissolve).
Loop switch for event at 00:02:07,01 in track 1 ignored.
Ignoring Dissolve transition effect for event at 00:02:07,01 in track 1(replacing it with a simple cross dissolve).
Loop switch for event at 00:02:08,31 in track 1 ignored.
Ignoring Dissolve transition effect for event at 00:02:08,31 in track 1(replacing it with a simple cross dissolve).
Loop switch for event at 00:02:10,02 in track 1 ignored.
Ignoring Dissolve transition effect for event at 00:02:10,02 in track 1(replacing it with a simple cross dissolve).
Loop switch for event at 00:02:11,50 in track 1 ignored.
Ignoring Dissolve transition effect for event at 00:02:11,50 in track 1(replacing it with a simple cross dissolve).
Loop switch for event at 00:02:13,24 in track 1 ignored.
Ignoring Dissolve transition effect for event at 00:02:13,24 in track 1(replacing it with a simple cross dissolve).
Loop switch for event at 00:02:14,53 in track 1 ignored.
Ignoring Dissolve transition effect for event at 00:02:14,53 in track 1(replacing it with a simple cross dissolve).
Loop switch for event at 00:02:16,19 in track 1 ignored.
Ignoring Dissolve transition effect for event at 00:02:16,19 in track 1(replacing it with a simple cross dissolve).
Loop switch for event at 00:02:17,37 in track 1 ignored.
Ignoring Dissolve transition effect for event at 00:02:17,37 in track 1(replacing it with a simple cross dissolve).
Loop switch for event at 00:02:19,02 in track 1 ignored.
Ignoring Dissolve transition effect for event at 00:02:19,02 in track 1(replacing it with a simple cross dissolve).
Loop switch for event at 00:02:20,26 in track 1 ignored.
Ignoring Dissolve transition effect for event at 00:02:20,26 in track 1(replacing it with a simple cross dissolve).
Loop switch for event at 00:02:21,48 in track 1 ignored.
Ignoring Dissolve transition effect for event at 00:02:21,48 in track 1(replacing it with a simple cross dissolve).
Loop switch for event at 00:02:23,03 in track 1 ignored.
Ignoring Dissolve transition effect for event at 00:02:23,03 in track 1(replacing it with a simple cross dissolve).
Loop switch for event at 00:02:24,22 in track 1 ignored.
Ignoring Dissolve transition effect for event at 00:02:24,22 in track 1(replacing it with a simple cross dissolve).
Loop switch for event at 00:02:25,42 in track 1 ignored.
Ignoring Dissolve transition effect for event at 00:02:25,42 in track 1(replacing it with a simple cross dissolve).
Loop switch for event at 00:02:27,09 in track 1 ignored.
Ignoring Dissolve transition effect for event at 00:02:27,09 in track 1(replacing it with a simple cross dissolve).
Loop switch for event at 00:02:28,26 in track 1 ignored.
Ignoring Flash transition effect for event at 00:02:28,26 in track 1(replacing it with a simple cross dissolve).
Loop switch for event at 00:02:29,49 in track 1 ignored.
Ignoring Flash transition effect for event at 00:02:29,49 in track 1(replacing it with a simple cross dissolve).
Loop switch for event at 00:02:31,04 in track 1 ignored.
Ignoring Flash transition effect for event at 00:02:31,04 in track 1(replacing it with a simple cross dissolve).
Loop switch for event at 00:02:32,12 in track 1 ignored.
Ignoring Flash transition effect for event at 00:02:32,12 in track 1(replacing it with a simple cross dissolve).
Loop switch for event at 00:02:33,28 in track 1 ignored.
Ignoring GL Transition transition effect for event at 00:02:33,28 in track 1(replacing it with a simple cross dissolve).
Loop switch for event at 00:02:34,43 in track 1 ignored.
Ignoring GL Transition transition effect for event at 00:02:34,43 in track 1(replacing it with a simple cross dissolve).
Loop switch for event at 00:02:36,00 in track 1 ignored.
Ignoring GL Transition transition effect for event at 00:02:36,00 in track 1(replacing it with a simple cross dissolve).
Loop switch for event at 00:02:37,18 in track 1 ignored.
Ignoring GL Transition transition effect for event at 00:02:37,18 in track 1(replacing it with a simple cross dissolve).
Loop switch for event at 00:02:38,36 in track 1 ignored.
Ignoring GL Transition transition effect for event at 00:02:38,36 in track 1(replacing it with a simple cross dissolve).
Loop switch for event at 00:02:39,52 in track 1 ignored.
Ignoring GL Transition transition effect for event at 00:02:39,52 in track 1(replacing it with a simple cross dissolve).
Loop switch for event at 00:02:41,10 in track 1 ignored.
Ignoring GL Transition transition effect for event at 00:02:41,10 in track 1(replacing it with a simple cross dissolve).
Loop switch for event at 00:02:42,23 in track 1 ignored.
Ignoring GL Transition transition effect for event at 00:02:42,23 in track 1(replacing it with a simple cross dissolve).
Loop switch for event at 00:02:43,44 in track 1 ignored.
Ignoring GL Transition transition effect for event at 00:02:43,44 in track 1(replacing it with a simple cross dissolve).
Loop switch for event at 00:02:45,07 in track 1 ignored.
Ignoring GL Transition transition effect for event at 00:02:45,07 in track 1(replacing it with a simple cross dissolve).
Loop switch for event at 00:02:46,19 in track 1 ignored.
Ignoring GL Transition transition effect for event at 00:02:46,19 in track 1(replacing it with a simple cross dissolve).
Loop switch for event at 00:02:47,24 in track 1 ignored.
Ignoring GL Transition transition effect for event at 00:02:47,24 in track 1(replacing it with a simple cross dissolve).
Loop switch for event at 00:02:48,39 in track 1 ignored.
Ignoring GL Transition transition effect for event at 00:02:48,39 in track 1(replacing it with a simple cross dissolve).
Loop switch for event at 00:02:49,52 in track 1 ignored.
Ignoring GL Transition transition effect for event at 00:02:49,52 in track 1(replacing it with a simple cross dissolve).
Loop switch for event at 00:02:51,06 in track 1 ignored.
Ignoring GL Transition transition effect for event at 00:02:51,06 in track 1(replacing it with a simple cross dissolve).
Loop switch for event at 00:02:52,17 in track 1 ignored.
Ignoring GL Transition transition effect for event at 00:02:52,17 in track 1(replacing it with a simple cross dissolve).
Loop switch for event at 00:02:53,36 in track 1 ignored.
Ignoring GL Transition transition effect for event at 00:02:53,36 in track 1(replacing it with a simple cross dissolve).
Loop switch for event at 00:02:54,47 in track 1 ignored.
Ignoring GL Transition transition effect for event at 00:02:54,47 in track 1(replacing it with a simple cross dissolve).
Loop switch for event at 00:02:56,03 in track 1 ignored.
Ignoring GL Transition transition effect for event at 00:02:56,03 in track 1(replacing it with a simple cross dissolve).
Loop switch for event at 00:02:57,22 in track 1 ignored.
Ignoring GL Transition transition effect for event at 00:02:57,22 in track 1(replacing it with a simple cross dissolve).
Loop switch for event at 00:02:58,46 in track 1 ignored.
Ignoring GL Transition transition effect for event at 00:02:58,46 in track 1(replacing it with a simple cross dissolve).
Loop switch for event at 00:03:00,01 in track 1 ignored.
Ignoring GL Transition transition effect for event at 00:03:00,01 in track 1(replacing it with a simple cross dissolve).
Loop switch for event at 00:03:01,17 in track 1 ignored.
Ignoring GL Transition transition effect for event at 00:03:01,17 in track 1(replacing it with a simple cross dissolve).
Loop switch for event at 00:03:02,30 in track 1 ignored.
Ignoring GL Transition transition effect for event at 00:03:02,30 in track 1(replacing it with a simple cross dissolve).
Loop switch for event at 00:03:03,43 in track 1 ignored.
Ignoring GL Transition transition effect for event at 00:03:03,43 in track 1(replacing it with a simple cross dissolve).
Loop switch for event at 00:03:04,58 in track 1 ignored.
Ignoring GL Transition transition effect for event at 00:03:04,58 in track 1(replacing it with a simple cross dissolve).
Loop switch for event at 00:03:06,12 in track 1 ignored.
Ignoring GL Transition transition effect for event at 00:03:06,12 in track 1(replacing it with a simple cross dissolve).
Loop switch for event at 00:03:07,21 in track 1 ignored.
Ignoring GL Transition transition effect for event at 00:03:07,21 in track 1(replacing it with a simple cross dissolve).
Loop switch for event at 00:03:08,22 in track 1 ignored.
Ignoring GL Transition transition effect for event at 00:03:08,22 in track 1(replacing it with a simple cross dissolve).
Loop switch for event at 00:03:09,42 in track 1 ignored.
Ignoring GL Transition transition effect for event at 00:03:09,42 in track 1(replacing it with a simple cross dissolve).
Loop switch for event at 00:03:11,04 in track 1 ignored.
Ignoring GL Transition transition effect for event at 00:03:11,04 in track 1(replacing it with a simple cross dissolve).
Loop switch for event at 00:03:12,31 in track 1 ignored.
Ignoring GL Transition transition effect for event at 00:03:12,31 in track 1(replacing it with a simple cross dissolve).
Loop switch for event at 00:03:14,01 in track 1 ignored.
Ignoring GL Transition transition effect for event at 00:03:14,01 in track 1(replacing it with a simple cross dissolve).
Loop switch for event at 00:03:15,33 in track 1 ignored.
Ignoring GL Transition transition effect for event at 00:03:15,33 in track 1(replacing it with a simple cross dissolve).
Loop switch for event at 00:03:16,48 in track 1 ignored.
Ignoring GL Transition transition effect for event at 00:03:16,48 in track 1(replacing it with a simple cross dissolve).
Loop switch for event at 00:03:18,10 in track 1 ignored.
Ignoring GL Transition transition effect for event at 00:03:18,10 in track 1(replacing it with a simple cross dissolve).
Loop switch for event at 00:03:19,26 in track 1 ignored.
Ignoring GL Transition transition effect for event at 00:03:19,26 in track 1(replacing it with a simple cross dissolve).
Loop switch for event at 00:03:20,35 in track 1 ignored.
Ignoring GL Transition transition effect for event at 00:03:20,35 in track 1(replacing it with a simple cross dissolve).
Loop switch for event at 00:03:22,05 in track 1 ignored.
Ignoring GL Transition transition effect for event at 00:03:22,05 in track 1(replacing it with a simple cross dissolve).
Loop switch for event at 00:03:23,26 in track 1 ignored.
Ignoring GL Transition transition effect for event at 00:03:23,26 in track 1(replacing it with a simple cross dissolve).
Loop switch for event at 00:03:24,46 in track 1 ignored.
Ignoring GL Transition transition effect for event at 00:03:24,46 in track 1(replacing it with a simple cross dissolve).
Loop switch for event at 00:03:26,00 in track 1 ignored.
Ignoring GL Transition transition effect for event at 00:03:26,00 in track 1(replacing it with a simple cross dissolve).
Loop switch for event at 00:03:27,15 in track 1 ignored.
Ignoring GL Transition transition effect for event at 00:03:27,15 in track 1(replacing it with a simple cross dissolve).
Loop switch for event at 00:03:28,30 in track 1 ignored.
Ignoring GL Transition transition effect for event at 00:03:28,30 in track 1(replacing it with a simple cross dissolve).
Loop switch for event at 00:03:29,44 in track 1 ignored.
Ignoring GL Transition transition effect for event at 00:03:29,44 in track 1(replacing it with a simple cross dissolve).
Loop switch for event at 00:03:31,14 in track 1 ignored.
Ignoring GL Transition transition effect for event at 00:03:31,14 in track 1(replacing it with a simple cross dissolve).
Loop switch for event at 00:03:32,38 in track 1 ignored.
Ignoring GL Transition transition effect for event at 00:03:32,38 in track 1(replacing it with a simple cross dissolve).
Loop switch for event at 00:03:34,08 in track 1 ignored.
Ignoring GL Transition transition effect for event at 00:03:34,08 in track 1(replacing it with a simple cross dissolve).
Loop switch for event at 00:03:35,25 in track 1 ignored.
Ignoring GL Transition transition effect for event at 00:03:35,25 in track 1(replacing it with a simple cross dissolve).
Loop switch for event at 00:03:36,45 in track 1 ignored.
Ignoring GL Transition transition effect for event at 00:03:36,45 in track 1(replacing it with a simple cross dissolve).
Loop switch for event at 00:03:37,56 in track 1 ignored.
Ignoring GL Transition transition effect for event at 00:03:37,56 in track 1(replacing it with a simple cross dissolve).
Loop switch for event at 00:03:39,12 in track 1 ignored.
Ignoring GL Transition transition effect for event at 00:03:39,12 in track 1(replacing it with a simple cross dissolve).
Loop switch for event at 00:03:40,26 in track 1 ignored.
Ignoring GL Transition transition effect for event at 00:03:40,26 in track 1(replacing it with a simple cross dissolve).
Loop switch for event at 00:03:41,46 in track 1 ignored.
Ignoring GL Transition transition effect for event at 00:03:41,46 in track 1(replacing it with a simple cross dissolve).
Loop switch for event at 00:03:43,04 in track 1 ignored.
Ignoring GL Transition transition effect for event at 00:03:43,04 in track 1(replacing it with a simple cross dissolve).
Loop switch for event at 00:03:44,18 in track 1 ignored.
Ignoring GL Transition transition effect for event at 00:03:44,18 in track 1(replacing it with a simple cross dissolve).
Loop switch for event at 00:03:45,18 in track 1 ignored.
Ignoring GL Transition transition effect for event at 00:03:45,18 in track 1(replacing it with a simple cross dissolve).
Loop switch for event at 00:03:46,35 in track 1 ignored.
Ignoring GL Transition transition effect for event at 00:03:46,35 in track 1(replacing it with a simple cross dissolve).
Loop switch for event at 00:03:48,01 in track 1 ignored.
Ignoring GL Transition transition effect for event at 00:03:48,01 in track 1(replacing it with a simple cross dissolve).
Loop switch for event at 00:03:49,14 in track 1 ignored.
Ignoring GL Transition transition effect for event at 00:03:49,14 in track 1(replacing it with a simple cross dissolve).
Loop switch for event at 00:03:50,22 in track 1 ignored.
Ignoring GL Transition transition effect for event at 00:03:50,22 in track 1(replacing it with a simple cross dissolve).
Loop switch for event at 00:03:51,29 in track 1 ignored.
Ignoring GL Transition transition effect for event at 00:03:51,29 in track 1(replacing it with a simple cross dissolve).
Loop switch for event at 00:03:52,45 in track 1 ignored.
Ignoring GL Transition transition effect for event at 00:03:52,45 in track 1(replacing it with a simple cross dissolve).
Loop switch for event at 00:03:54,02 in track 1 ignored.
Ignoring Gradient Wipe transition effect for event at 00:03:54,02 in track 1(replacing it with a simple cross dissolve).
Loop switch for event at 00:03:55,15 in track 1 ignored.
Ignoring Gradient Wipe transition effect for event at 00:03:55,15 in track 1(replacing it with a simple cross dissolve).
Loop switch for event at 00:03:56,30 in track 1 ignored.
Ignoring Gradient Wipe transition effect for event at 00:03:56,30 in track 1(replacing it with a simple cross dissolve).
Loop switch for event at 00:03:57,41 in track 1 ignored.
Ignoring Gradient Wipe transition effect for event at 00:03:57,41 in track 1(replacing it with a simple cross dissolve).
Loop switch for event at 00:03:58,58 in track 1 ignored.
Ignoring Gradient Wipe transition effect for event at 00:03:58,58 in track 1(replacing it with a simple cross dissolve).
Loop switch for event at 00:04:00,13 in track 1 ignored.
Ignoring Gradient Wipe transition effect for event at 00:04:00,13 in track 1(replacing it with a simple cross dissolve).
Loop switch for event at 00:04:01,29 in track 1 ignored.
Ignoring Gradient Wipe transition effect for event at 00:04:01,29 in track 1(replacing it with a simple cross dissolve).
Loop switch for event at 00:04:02,49 in track 1 ignored.
Ignoring Gradient Wipe transition effect for event at 00:04:02,49 in track 1(replacing it with a simple cross dissolve).
Loop switch for event at 00:04:04,02 in track 1 ignored.
Ignoring Gradient Wipe transition effect for event at 00:04:04,02 in track 1(replacing it with a simple cross dissolve).
Loop switch for event at 00:04:05,14 in track 1 ignored.
Ignoring Gradient Wipe transition effect for event at 00:04:05,14 in track 1(replacing it with a simple cross dissolve).
Loop switch for event at 00:04:06,29 in track 1 ignored.
Ignoring Gradient Wipe transition effect for event at 00:04:06,29 in track 1(replacing it with a simple cross dissolve).
Loop switch for event at 00:04:07,32 in track 1 ignored.
Ignoring Gradient Wipe transition effect for event at 00:04:07,32 in track 1(replacing it with a simple cross dissolve).
Loop switch for event at 00:04:08,43 in track 1 ignored.
Ignoring Gradient Wipe transition effect for event at 00:04:08,43 in track 1(replacing it with a simple cross dissolve).
Loop switch for event at 00:04:09,58 in track 1 ignored.
Ignoring Gradient Wipe transition effect for event at 00:04:09,58 in track 1(replacing it with a simple cross dissolve).
Loop switch for event at 00:04:11,12 in track 1 ignored.
Ignoring Gradient Wipe transition effect for event at 00:04:11,12 in track 1(replacing it with a simple cross dissolve).
Loop switch for event at 00:04:12,28 in track 1 ignored.
Ignoring Gradient Wipe transition effect for event at 00:04:12,28 in track 1(replacing it with a simple cross dissolve).
Loop switch for event at 00:04:13,47 in track 1 ignored.
Ignoring Gradient Wipe transition effect for event at 00:04:13,47 in track 1(replacing it with a simple cross dissolve).
Loop switch for event at 00:04:15,12 in track 1 ignored.
Ignoring Gradient Wipe transition effect for event at 00:04:15,12 in track 1(replacing it with a simple cross dissolve).
Loop switch for event at 00:04:16,44 in track 1 ignored.
Ignoring Gradient Wipe transition effect for event at 00:04:16,44 in track 1(replacing it with a simple cross dissolve).
Loop switch for event at 00:04:18,11 in track 1 ignored.
Ignoring Gradient Wipe transition effect for event at 00:04:18,11 in track 1(replacing it with a simple cross dissolve).
Loop switch for event at 00:04:19,33 in track 1 ignored.
Ignoring Gradient Wipe transition effect for event at 00:04:19,33 in track 1(replacing it with a simple cross dissolve).
Loop switch for event at 00:04:20,55 in track 1 ignored.
Ignoring Gradient Wipe transition effect for event at 00:04:20,55 in track 1(replacing it with a simple cross dissolve).
Loop switch for event at 00:04:22,14 in track 1 ignored.
Ignoring Gradient Wipe transition effect for event at 00:04:22,14 in track 1(replacing it with a simple cross dissolve).
Loop switch for event at 00:04:23,38 in track 1 ignored.
Ignoring Gradient Wipe transition effect for event at 00:04:23,38 in track 1(replacing it with a simple cross dissolve).
Loop switch for event at 00:04:25,00 in track 1 ignored.
Ignoring Gradient Wipe transition effect for event at 00:04:25,00 in track 1(replacing it with a simple cross dissolve).
Loop switch for event at 00:04:26,17 in track 1 ignored.
Ignoring Gradient Wipe transition effect for event at 00:04:26,17 in track 1(replacing it with a simple cross dissolve).
Loop switch for event at 00:04:27,38 in track 1 ignored.
Ignoring Gradient Wipe transition effect for event at 00:04:27,38 in track 1(replacing it with a simple cross dissolve).
Loop switch for event at 00:04:28,59 in track 1 ignored.
Ignoring Gradient Wipe transition effect for event at 00:04:28,59 in track 1(replacing it with a simple cross dissolve).
Loop switch for event at 00:04:30,19 in track 1 ignored.
Ignoring Iris transition effect for event at 00:04:30,19 in track 1(replacing it with a simple cross dissolve).
Loop switch for event at 00:04:31,42 in track 1 ignored.
Ignoring Iris transition effect for event at 00:04:31,42 in track 1(replacing it with a simple cross dissolve).
Loop switch for event at 00:04:32,56 in track 1 ignored.
Ignoring Iris transition effect for event at 00:04:32,56 in track 1(replacing it with a simple cross dissolve).
Loop switch for event at 00:04:34,14 in track 1 ignored.
Ignoring Iris transition effect for event at 00:04:34,14 in track 1(replacing it with a simple cross dissolve).
Loop switch for event at 00:04:35,27 in track 1 ignored.
Ignoring Iris transition effect for event at 00:04:35,27 in track 1(replacing it with a simple cross dissolve).
Loop switch for event at 00:04:36,44 in track 1 ignored.
Ignoring Iris transition effect for event at 00:04:36,44 in track 1(replacing it with a simple cross dissolve).
Loop switch for event at 00:04:37,59 in track 1 ignored.
Ignoring Iris transition effect for event at 00:04:37,59 in track 1(replacing it with a simple cross dissolve).
Loop switch for event at 00:04:39,13 in track 1 ignored.
Ignoring Iris transition effect for event at 00:04:39,13 in track 1(replacing it with a simple cross dissolve).
Loop switch for event at 00:04:40,27 in track 1 ignored.
Ignoring Iris transition effect for event at 00:04:40,27 in track 1(replacing it with a simple cross dissolve).
Loop switch for event at 00:04:41,44 in track 1 ignored.
Ignoring Iris transition effect for event at 00:04:41,44 in track 1(replacing it with a simple cross dissolve).
Loop switch for event at 00:04:43,06 in track 1 ignored.
Ignoring Iris transition effect for event at 00:04:43,06 in track 1(replacing it with a simple cross dissolve).
Loop switch for event at 00:04:44,20 in track 1 ignored.
Ignoring Iris transition effect for event at 00:04:44,20 in track 1(replacing it with a simple cross dissolve).
Loop switch for event at 00:04:45,46 in track 1 ignored.
Ignoring Iris transition effect for event at 00:04:45,46 in track 1(replacing it with a simple cross dissolve).
Loop switch for event at 00:04:47,02 in track 1 ignored.
Ignoring Iris transition effect for event at 00:04:47,02 in track 1(replacing it with a simple cross dissolve).
Loop switch for event at 00:04:48,17 in track 1 ignored.
Ignoring Iris transition effect for event at 00:04:48,17 in track 1(replacing it with a simple cross dissolve).
Loop switch for event at 00:04:49,46 in track 1 ignored.
Ignoring Linear Wipe transition effect for event at 00:04:49,46 in track 1(replacing it with a simple cross dissolve).
Loop switch for event at 00:04:50,57 in track 1 ignored.
Ignoring Linear Wipe transition effect for event at 00:04:50,57 in track 1(replacing it with a simple cross dissolve).
Loop switch for event at 00:04:52,10 in track 1 ignored.
Ignoring Linear Wipe transition effect for event at 00:04:52,10 in track 1(replacing it with a simple cross dissolve).
Loop switch for event at 00:04:53,13 in track 1 ignored.
Ignoring Linear Wipe transition effect for event at 00:04:53,13 in track 1(replacing it with a simple cross dissolve).
Loop switch for event at 00:04:54,04 in track 1 ignored.
Ignoring Linear Wipe transition effect for event at 00:04:54,04 in track 1(replacing it with a simple cross dissolve).
Loop switch for event at 00:04:54,49 in track 1 ignored.
Ignoring Linear Wipe transition effect for event at 00:04:54,49 in track 1(replacing it with a simple cross dissolve).
Loop switch for event at 00:04:55,30 in track 1 ignored.
Ignoring Linear Wipe transition effect for event at 00:04:55,30 in track 1(replacing it with a simple cross dissolve).
Loop switch for event at 00:04:56,16 in track 1 ignored.
Ignoring Linear Wipe transition effect for event at 00:04:56,16 in track 1(replacing it with a simple cross dissolve).
Loop switch for event at 00:04:56,55 in track 1 ignored.
Ignoring Linear Wipe transition effect for event at 00:04:56,55 in track 1(replacing it with a simple cross dissolve).
Loop switch for event at 00:04:57,31 in track 1 ignored.
Ignoring Linear Wipe transition effect for event at 00:04:57,31 in track 1(replacing it with a simple cross dissolve).
Loop switch for event at 00:04:58,08 in track 1 ignored.
Ignoring Linear Wipe transition effect for event at 00:04:58,08 in track 1(replacing it with a simple cross dissolve).
Loop switch for event at 00:04:58,45 in track 1 ignored.
Ignoring Linear Wipe transition effect for event at 00:04:58,45 in track 1(replacing it with a simple cross dissolve).
Loop switch for event at 00:04:59,24 in track 1 ignored.
Ignoring Linear Wipe transition effect for event at 00:04:59,24 in track 1(replacing it with a simple cross dissolve).
Loop switch for event at 00:05:00,08 in track 1 ignored.
Ignoring Page Loop transition effect for event at 00:05:00,08 in track 1(replacing it with a simple cross dissolve).
Loop switch for event at 00:05:00,42 in track 1 ignored.
Ignoring Page Loop transition effect for event at 00:05:00,42 in track 1(replacing it with a simple cross dissolve).
Loop switch for event at 00:05:01,16 in track 1 ignored.
Ignoring Page Loop transition effect for event at 00:05:01,16 in track 1(replacing it with a simple cross dissolve).
Loop switch for event at 00:05:01,55 in track 1 ignored.
Ignoring Page Loop transition effect for event at 00:05:01,55 in track 1(replacing it with a simple cross dissolve).
Loop switch for event at 00:05:02,32 in track 1 ignored.
Ignoring Page Loop transition effect for event at 00:05:02,32 in track 1(replacing it with a simple cross dissolve).
Loop switch for event at 00:05:03,18 in track 1 ignored.
Ignoring Page Loop transition effect for event at 00:05:03,18 in track 1(replacing it with a simple cross dissolve).
Loop switch for event at 00:05:04,12 in track 1 ignored.
Ignoring Page Loop transition effect for event at 00:05:04,12 in track 1(replacing it with a simple cross dissolve).
Loop switch for event at 00:05:05,11 in track 1 ignored.
Ignoring Page Loop transition effect for event at 00:05:05,11 in track 1(replacing it with a simple cross dissolve).
Loop switch for event at 00:05:06,03 in track 1 ignored.
Ignoring Page Loop transition effect for event at 00:05:06,03 in track 1(replacing it with a simple cross dissolve).
Loop switch for event at 00:05:07,04 in track 1 ignored.
Ignoring Page Peel transition effect for event at 00:05:07,04 in track 1(replacing it with a simple cross dissolve).
Loop switch for event at 00:05:07,49 in track 1 ignored.
Ignoring Page Peel transition effect for event at 00:05:07,49 in track 1(replacing it with a simple cross dissolve).
Loop switch for event at 00:05:08,38 in track 1 ignored.
Ignoring Page Peel transition effect for event at 00:05:08,38 in track 1(replacing it with a simple cross dissolve).
Loop switch for event at 00:05:09,27 in track 1 ignored.
Ignoring Page Peel transition effect for event at 00:05:09,27 in track 1(replacing it with a simple cross dissolve).
Loop switch for event at 00:05:10,14 in track 1 ignored.
Ignoring Page Peel transition effect for event at 00:05:10,14 in track 1(replacing it with a simple cross dissolve).
Loop switch for event at 00:05:10,59 in track 1 ignored.
Ignoring Page Peel transition effect for event at 00:05:10,59 in track 1(replacing it with a simple cross dissolve).
Loop switch for event at 00:05:11,43 in track 1 ignored.
Ignoring Page Peel transition effect for event at 00:05:11,43 in track 1(replacing it with a simple cross dissolve).
Loop switch for event at 00:05:12,28 in track 1 ignored.
Ignoring Page Peel transition effect for event at 00:05:12,28 in track 1(replacing it with a simple cross dissolve).
Loop switch for event at 00:05:13,13 in track 1 ignored.
Ignoring Page Peel transition effect for event at 00:05:13,13 in track 1(replacing it with a simple cross dissolve).
Loop switch for event at 00:05:13,59 in track 1 ignored.
Ignoring Page Roll transition effect for event at 00:05:13,59 in track 1(replacing it with a simple cross dissolve).
Loop switch for event at 00:05:14,42 in track 1 ignored.
Ignoring Page Roll transition effect for event at 00:05:14,42 in track 1(replacing it with a simple cross dissolve).
Loop switch for event at 00:05:15,23 in track 1 ignored.
Ignoring Page Roll transition effect for event at 00:05:15,23 in track 1(replacing it with a simple cross dissolve).
Loop switch for event at 00:05:16,05 in track 1 ignored.
Ignoring Page Roll transition effect for event at 00:05:16,05 in track 1(replacing it with a simple cross dissolve).
Loop switch for event at 00:05:16,45 in track 1 ignored.
Ignoring Page Roll transition effect for event at 00:05:16,45 in track 1(replacing it with a simple cross dissolve).
Loop switch for event at 00:05:17,28 in track 1 ignored.
Ignoring Page Roll transition effect for event at 00:05:17,28 in track 1(replacing it with a simple cross dissolve).
Loop switch for event at 00:05:18,10 in track 1 ignored.
Ignoring Page Roll transition effect for event at 00:05:18,10 in track 1(replacing it with a simple cross dissolve).
Loop switch for event at 00:05:18,51 in track 1 ignored.
Ignoring Page Roll transition effect for event at 00:05:18,51 in track 1(replacing it with a simple cross dissolve).
Loop switch for event at 00:05:19,35 in track 1 ignored.
Ignoring Page Roll transition effect for event at 00:05:19,35 in track 1(replacing it with a simple cross dissolve).
Loop switch for event at 00:05:20,19 in track 1 ignored.
Ignoring Portals transition effect for event at 00:05:20,19 in track 1(replacing it with a simple cross dissolve).
Loop switch for event at 00:05:20,58 in track 1 ignored.
Ignoring Portals transition effect for event at 00:05:20,58 in track 1(replacing it with a simple cross dissolve).
Loop switch for event at 00:05:21,34 in track 1 ignored.
Ignoring Portals transition effect for event at 00:05:21,34 in track 1(replacing it with a simple cross dissolve).
Loop switch for event at 00:05:22,08 in track 1 ignored.
Ignoring Portals transition effect for event at 00:05:22,08 in track 1(replacing it with a simple cross dissolve).
Loop switch for event at 00:05:22,42 in track 1 ignored.
Ignoring Portals transition effect for event at 00:05:22,42 in track 1(replacing it with a simple cross dissolve).
Loop switch for event at 00:05:23,20 in track 1 ignored.
Ignoring Push transition effect for event at 00:05:23,20 in track 1(replacing it with a simple cross dissolve).
Loop switch for event at 00:05:24,00 in track 1 ignored.
Ignoring Push transition effect for event at 00:05:24,00 in track 1(replacing it with a simple cross dissolve).
Loop switch for event at 00:05:24,35 in track 1 ignored.
Ignoring Push transition effect for event at 00:05:24,35 in track 1(replacing it with a simple cross dissolve).
Loop switch for event at 00:05:25,09 in track 1 ignored.
Ignoring Push transition effect for event at 00:05:25,09 in track 1(replacing it with a simple cross dissolve).
Loop switch for event at 00:05:25,44 in track 1 ignored.
Ignoring Push transition effect for event at 00:05:25,44 in track 1(replacing it with a simple cross dissolve).
Loop switch for event at 00:05:26,16 in track 1 ignored.
Ignoring Push transition effect for event at 00:05:26,16 in track 1(replacing it with a simple cross dissolve).
Loop switch for event at 00:05:26,50 in track 1 ignored.
Ignoring Push transition effect for event at 00:05:26,50 in track 1(replacing it with a simple cross dissolve).
Loop switch for event at 00:05:27,23 in track 1 ignored.
Ignoring Push transition effect for event at 00:05:27,23 in track 1(replacing it with a simple cross dissolve).
Loop switch for event at 00:05:28,02 in track 1 ignored.
Ignoring Push transition effect for event at 00:05:28,02 in track 1(replacing it with a simple cross dissolve).
Loop switch for event at 00:05:28,41 in track 1 ignored.
Ignoring Push transition effect for event at 00:05:28,41 in track 1(replacing it with a simple cross dissolve).
Loop switch for event at 00:05:29,21 in track 1 ignored.
Ignoring Push transition effect for event at 00:05:29,21 in track 1(replacing it with a simple cross dissolve).
Loop switch for event at 00:05:30,00 in track 1 ignored.
Ignoring Push transition effect for event at 00:05:30,00 in track 1(replacing it with a simple cross dissolve).
Loop switch for event at 00:05:30,44 in track 1 ignored.
Ignoring Push transition effect for event at 00:05:30,44 in track 1(replacing it with a simple cross dissolve).
Loop switch for event at 00:05:31,31 in track 1 ignored.
Ignoring Slide transition effect for event at 00:05:31,31 in track 1(replacing it with a simple cross dissolve).
Loop switch for event at 00:05:32,15 in track 1 ignored.
Ignoring Slide transition effect for event at 00:05:32,15 in track 1(replacing it with a simple cross dissolve).
Loop switch for event at 00:05:32,59 in track 1 ignored.
Ignoring Slide transition effect for event at 00:05:32,59 in track 1(replacing it with a simple cross dissolve).
Loop switch for event at 00:05:33,40 in track 1 ignored.
Ignoring Slide transition effect for event at 00:05:33,40 in track 1(replacing it with a simple cross dissolve).
Loop switch for event at 00:05:34,22 in track 1 ignored.
Ignoring Slide transition effect for event at 00:05:34,22 in track 1(replacing it with a simple cross dissolve).
Loop switch for event at 00:05:35,02 in track 1 ignored.
Ignoring Slide transition effect for event at 00:05:35,02 in track 1(replacing it with a simple cross dissolve).
Loop switch for event at 00:05:35,43 in track 1 ignored.
Ignoring Slide transition effect for event at 00:05:35,43 in track 1(replacing it with a simple cross dissolve).
Loop switch for event at 00:05:36,22 in track 1 ignored.
Ignoring Slide transition effect for event at 00:05:36,22 in track 1(replacing it with a simple cross dissolve).
Loop switch for event at 00:05:37,10 in track 1 ignored.
Ignoring Slide transition effect for event at 00:05:37,10 in track 1(replacing it with a simple cross dissolve).
Loop switch for event at 00:05:37,55 in track 1 ignored.
Ignoring Slide transition effect for event at 00:05:37,55 in track 1(replacing it with a simple cross dissolve).
Loop switch for event at 00:05:38,37 in track 1 ignored.
Ignoring Slide transition effect for event at 00:05:38,37 in track 1(replacing it with a simple cross dissolve).
Loop switch for event at 00:05:39,19 in track 1 ignored.
Ignoring Spiral transition effect for event at 00:05:39,19 in track 1(replacing it with a simple cross dissolve).
Loop switch for event at 00:05:39,58 in track 1 ignored.
Ignoring Spiral transition effect for event at 00:05:39,58 in track 1(replacing it with a simple cross dissolve).
Loop switch for event at 00:05:40,40 in track 1 ignored.
Ignoring Spiral transition effect for event at 00:05:40,40 in track 1(replacing it with a simple cross dissolve).
Loop switch for event at 00:05:41,15 in track 1 ignored.
Ignoring Spiral transition effect for event at 00:05:41,15 in track 1(replacing it with a simple cross dissolve).
Loop switch for event at 00:05:41,57 in track 1 ignored.
Ignoring Spiral transition effect for event at 00:05:41,57 in track 1(replacing it with a simple cross dissolve).
Loop switch for event at 00:05:42,36 in track 1 ignored.
Ignoring Spiral transition effect for event at 00:05:42,36 in track 1(replacing it with a simple cross dissolve).
Loop switch for event at 00:05:43,09 in track 1 ignored.
Ignoring Spiral transition effect for event at 00:05:43,09 in track 1(replacing it with a simple cross dissolve).
Loop switch for event at 00:05:43,45 in track 1 ignored.
Ignoring Spiral transition effect for event at 00:05:43,45 in track 1(replacing it with a simple cross dissolve).
Loop switch for event at 00:05:44,23 in track 1 ignored.
Ignoring Spiral transition effect for event at 00:05:44,23 in track 1(replacing it with a simple cross dissolve).
Loop switch for event at 00:05:45,05 in track 1 ignored.
Ignoring Spiral transition effect for event at 00:05:45,05 in track 1(replacing it with a simple cross dissolve).
Loop switch for event at 00:05:45,42 in track 1 ignored.
Ignoring Spiral transition effect for event at 00:05:45,42 in track 1(replacing it with a simple cross dissolve).
Loop switch for event at 00:05:46,18 in track 1 ignored.
Ignoring Split transition effect for event at 00:05:46,18 in track 1(replacing it with a simple cross dissolve).
Loop switch for event at 00:05:46,59 in track 1 ignored.
Ignoring Split transition effect for event at 00:05:46,59 in track 1(replacing it with a simple cross dissolve).
Loop switch for event at 00:05:47,39 in track 1 ignored.
Ignoring Split transition effect for event at 00:05:47,39 in track 1(replacing it with a simple cross dissolve).
Loop switch for event at 00:05:48,22 in track 1 ignored.
Ignoring Split transition effect for event at 00:05:48,22 in track 1(replacing it with a simple cross dissolve).
Loop switch for event at 00:05:49,09 in track 1 ignored.
Ignoring Split transition effect for event at 00:05:49,09 in track 1(replacing it with a simple cross dissolve).
Loop switch for event at 00:05:49,59 in track 1 ignored.
Ignoring Split transition effect for event at 00:05:49,59 in track 1(replacing it with a simple cross dissolve).
Loop switch for event at 00:05:50,39 in track 1 ignored.
Ignoring Split transition effect for event at 00:05:50,39 in track 1(replacing it with a simple cross dissolve).
Loop switch for event at 00:05:51,17 in track 1 ignored.
Ignoring Split transition effect for event at 00:05:51,17 in track 1(replacing it with a simple cross dissolve).
Loop switch for event at 00:05:51,57 in track 1 ignored.
Ignoring Split transition effect for event at 00:05:51,57 in track 1(replacing it with a simple cross dissolve).
Loop switch for event at 00:05:52,43 in track 1 ignored.
Ignoring Squeeze transition effect for event at 00:05:52,43 in track 1(replacing it with a simple cross dissolve).
Loop switch for event at 00:05:53,28 in track 1 ignored.
Ignoring Squeeze transition effect for event at 00:05:53,28 in track 1(replacing it with a simple cross dissolve).
Loop switch for event at 00:05:54,09 in track 1 ignored.
Ignoring Squeeze transition effect for event at 00:05:54,09 in track 1(replacing it with a simple cross dissolve).
Loop switch for event at 00:05:54,45 in track 1 ignored.
Ignoring Squeeze transition effect for event at 00:05:54,45 in track 1(replacing it with a simple cross dissolve).
Loop switch for event at 00:05:55,19 in track 1 ignored.
Ignoring Squeeze transition effect for event at 00:05:55,19 in track 1(replacing it with a simple cross dissolve).
Loop switch for event at 00:05:55,57 in track 1 ignored.
Ignoring Squeeze transition effect for event at 00:05:55,57 in track 1(replacing it with a simple cross dissolve).
Loop switch for event at 00:05:56,41 in track 1 ignored.
Ignoring Squeeze transition effect for event at 00:05:56,41 in track 1(replacing it with a simple cross dissolve).
Loop switch for event at 00:05:57,24 in track 1 ignored.
Ignoring Squeeze transition effect for event at 00:05:57,24 in track 1(replacing it with a simple cross dissolve).
Loop switch for event at 00:05:58,09 in track 1 ignored.
Ignoring Squeeze transition effect for event at 00:05:58,09 in track 1(replacing it with a simple cross dissolve).
Loop switch for event at 00:05:58,58 in track 1 ignored.
Ignoring Squeeze transition effect for event at 00:05:58,58 in track 1(replacing it with a simple cross dissolve).
Loop switch for event at 00:05:59,35 in track 1 ignored.
Ignoring Squeeze transition effect for event at 00:05:59,35 in track 1(replacing it with a simple cross dissolve).
Loop switch for event at 00:06:00,14 in track 1 ignored.
Ignoring Squeeze transition effect for event at 00:06:00,14 in track 1(replacing it with a simple cross dissolve).
Loop switch for event at 00:06:00,56 in track 1 ignored.
Ignoring Squeeze transition effect for event at 00:06:00,56 in track 1(replacing it with a simple cross dissolve).
Loop switch for event at 00:06:01,45 in track 1 ignored.
Ignoring Squeeze transition effect for event at 00:06:01,45 in track 1(replacing it with a simple cross dissolve).
Loop switch for event at 00:06:02,29 in track 1 ignored.
Ignoring Squeeze transition effect for event at 00:06:02,29 in track 1(replacing it with a simple cross dissolve).
Loop switch for event at 00:06:03,17 in track 1 ignored.
Ignoring Star Wipe transition effect for event at 00:06:03,17 in track 1(replacing it with a simple cross dissolve).
Loop switch for event at 00:06:04,03 in track 1 ignored.
Ignoring Star Wipe transition effect for event at 00:06:04,03 in track 1(replacing it with a simple cross dissolve).
Loop switch for event at 00:06:04,48 in track 1 ignored.
Ignoring Star Wipe transition effect for event at 00:06:04,48 in track 1(replacing it with a simple cross dissolve).
Loop switch for event at 00:06:05,34 in track 1 ignored.
Ignoring Star Wipe transition effect for event at 00:06:05,34 in track 1(replacing it with a simple cross dissolve).
Loop switch for event at 00:06:06,14 in track 1 ignored.
Ignoring Star Wipe transition effect for event at 00:06:06,14 in track 1(replacing it with a simple cross dissolve).
Loop switch for event at 00:06:06,53 in track 1 ignored.
Ignoring Star Wipe transition effect for event at 00:06:06,53 in track 1(replacing it with a simple cross dissolve).
Loop switch for event at 00:06:07,37 in track 1 ignored.
Ignoring Star Wipe transition effect for event at 00:06:07,37 in track 1(replacing it with a simple cross dissolve).
Loop switch for event at 00:06:08,20 in track 1 ignored.
Ignoring Star Wipe transition effect for event at 00:06:08,20 in track 1(replacing it with a simple cross dissolve).
Loop switch for event at 00:06:09,05 in track 1 ignored.
Ignoring Star Wipe transition effect for event at 00:06:09,05 in track 1(replacing it with a simple cross dissolve).
Loop switch for event at 00:06:09,54 in track 1 ignored.
Ignoring Star Wipe transition effect for event at 00:06:09,54 in track 1(replacing it with a simple cross dissolve).
Loop switch for event at 00:06:10,47 in track 1 ignored.
Ignoring Star Wipe transition effect for event at 00:06:10,47 in track 1(replacing it with a simple cross dissolve).
Loop switch for event at 00:06:11,47 in track 1 ignored.
Ignoring Star Wipe transition effect for event at 00:06:11,47 in track 1(replacing it with a simple cross dissolve).
Loop switch for event at 00:06:12,38 in track 1 ignored.
Ignoring Star Wipe transition effect for event at 00:06:12,38 in track 1(replacing it with a simple cross dissolve).
Loop switch for event at 00:06:13,25 in track 1 ignored.
Ignoring Star Wipe transition effect for event at 00:06:13,25 in track 1(replacing it with a simple cross dissolve).
Loop switch for event at 00:06:14,16 in track 1 ignored.
Ignoring Star Wipe transition effect for event at 00:06:14,16 in track 1(replacing it with a simple cross dissolve).
Loop switch for event at 00:06:15,11 in track 1 ignored.
Ignoring Star Wipe transition effect for event at 00:06:15,11 in track 1(replacing it with a simple cross dissolve).
Loop switch for event at 00:06:16,06 in track 1 ignored.
Ignoring Star Wipe transition effect for event at 00:06:16,06 in track 1(replacing it with a simple cross dissolve).
Loop switch for event at 00:06:16,53 in track 1 ignored.
Ignoring Star Wipe transition effect for event at 00:06:16,53 in track 1(replacing it with a simple cross dissolve).
Loop switch for event at 00:06:17,54 in track 1 ignored.
Ignoring Star Wipe transition effect for event at 00:06:17,54 in track 1(replacing it with a simple cross dissolve).
Loop switch for event at 00:06:18,55 in track 1 ignored.
Ignoring Swap transition effect for event at 00:06:18,55 in track 1(replacing it with a simple cross dissolve).
Loop switch for event at 00:06:19,43 in track 1 ignored.
Ignoring Swap transition effect for event at 00:06:19,43 in track 1(replacing it with a simple cross dissolve).
Loop switch for event at 00:06:20,29 in track 1 ignored.
Ignoring Swap transition effect for event at 00:06:20,29 in track 1(replacing it with a simple cross dissolve).
Loop switch for event at 00:06:21,16 in track 1 ignored.
Ignoring Swap transition effect for event at 00:06:21,16 in track 1(replacing it with a simple cross dissolve).
Loop switch for event at 00:06:22,02 in track 1 ignored.
Ignoring Swap transition effect for event at 00:06:22,02 in track 1(replacing it with a simple cross dissolve).
Loop switch for event at 00:06:22,53 in track 1 ignored.
Ignoring Swap transition effect for event at 00:06:22,53 in track 1(replacing it with a simple cross dissolve).
Loop switch for event at 00:06:23,42 in track 1 ignored.
Ignoring Swap transition effect for event at 00:06:23,42 in track 1(replacing it with a simple cross dissolve).
Loop switch for event at 00:06:24,28 in track 1 ignored.
Ignoring Swap transition effect for event at 00:06:24,28 in track 1(replacing it with a simple cross dissolve).
Loop switch for event at 00:06:25,19 in track 1 ignored.
Ignoring Swap transition effect for event at 00:06:25,19 in track 1(replacing it with a simple cross dissolve).
Loop switch for event at 00:06:26,05 in track 1 ignored.
Ignoring Venetian Blinds transition effect for event at 00:06:26,05 in track 1(replacing it with a simple cross dissolve).
Loop switch for event at 00:06:26,50 in track 1 ignored.
Ignoring Venetian Blinds transition effect for event at 00:06:26,50 in track 1(replacing it with a simple cross dissolve).
Loop switch for event at 00:06:27,30 in track 1 ignored.
Ignoring Venetian Blinds transition effect for event at 00:06:27,30 in track 1(replacing it with a simple cross dissolve).
Loop switch for event at 00:06:28,10 in track 1 ignored.
Ignoring Venetian Blinds transition effect for event at 00:06:28,10 in track 1(replacing it with a simple cross dissolve).
Loop switch for event at 00:06:28,50 in track 1 ignored.
Ignoring Venetian Blinds transition effect for event at 00:06:28,50 in track 1(replacing it with a simple cross dissolve).
Loop switch for event at 00:06:29,31 in track 1 ignored.
Ignoring Venetian Blinds transition effect for event at 00:06:29,31 in track 1(replacing it with a simple cross dissolve).
Loop switch for event at 00:06:30,08 in track 1 ignored.
Ignoring Warp Flow transition effect for event at 00:06:30,08 in track 1(replacing it with a simple cross dissolve).
Loop switch for event at 00:06:30,55 in track 1 ignored.
Ignoring Zoom transition effect for event at 00:06:30,55 in track 1(replacing it with a simple cross dissolve).
Loop switch for event at 00:06:31,34 in track 1 ignored.
Ignoring Zoom transition effect for event at 00:06:31,34 in track 1(replacing it with a simple cross dissolve).
Loop switch for event at 00:06:32,17 in track 1 ignored.
Ignoring Zoom transition effect for event at 00:06:32,17 in track 1(replacing it with a simple cross dissolve).
Loop switch for event at 00:06:32,55 in track 1 ignored.
Ignoring Zoom transition effect for event at 00:06:32,55 in track 1(replacing it with a simple cross dissolve).
Loop switch for event at 00:06:33,36 in track 1 ignored.
Ignoring Zoom transition effect for event at 00:06:33,36 in track 1(replacing it with a simple cross dissolve).
Loop switch for event at 00:06:34,24 in track 1 ignored.
Ignoring Zoom transition effect for event at 00:06:34,24 in track 1(replacing it with a simple cross dissolve).
Loop switch for event at 00:06:35,17 in track 1 ignored.
Ignoring Zoom transition effect for event at 00:06:35,17 in track 1(replacing it with a simple cross dissolve).
Loop switch for event at 00:06:36,03 in track 1 ignored.
Ignoring Zoom transition effect for event at 00:06:36,03 in track 1(replacing it with a simple cross dissolve).
Loop switch for event at 00:06:37,09 in track 1 ignored.
Ignoring Zoom transition effect for event at 00:06:37,09 in track 1(replacing it with a simple cross dissolve).
Loop switch for event at 00:06:37,54 in track 1 ignored.
Ignoring Zoom transition effect for event at 00:06:37,54 in track 1(replacing it with a simple cross dissolve).
Loop switch for event at 00:06:38,42 in track 1 ignored.
Ignoring Zoom transition effect for event at 00:06:38,42 in track 1(replacing it with a simple cross dissolve).
Loop switch for event at 00:06:39,28 in track 1 ignored.
Ignoring Zoom transition effect for event at 00:06:39,28 in track 1(replacing it with a simple cross dissolve).
Loop switch for event at 00:06:40,12 in track 1 ignored.
Ignoring Zoom transition effect for event at 00:06:40,12 in track 1(replacing it with a simple cross dissolve).
Loop switch for event at 00:06:40,59 in track 1 ignored.
Ignoring Zoom transition effect for event at 00:06:40,59 in track 1(replacing it with a simple cross dissolve).
Loop switch for event at 00:06:41,44 in track 1 ignored.
Ignoring Zoom transition effect for event at 00:06:41,44 in track 1(replacing it with a simple cross dissolve).
Loop switch for event at 00:06:42,24 in track 1 ignored.
Ignoring Zoom transition effect for event at 00:06:42,24 in track 1(replacing it with a simple cross dissolve).
Saved project D:\Devs\C++\OpenVegas\SAMPLES\veg_project\project_transitions_othersmores.veg
	to D:\Devs\C++\OpenVegas\SAMPLES\veg_project\final-cut-pro-7_davinci-resolve\project_transitions_othersmores.xml
Archiving complete.
