Archiving D:\Devs\C++\OpenVegas\SAMPLES\veg_project\project_big--buck-bunny_4x3-preview-reverse-fades-fx.veg
	to D:\Devs\C++\OpenVegas\SAMPLES\veg_project\final-cut-pro-7_davinci-resolve\project_big--buck-bunny_4x3-preview-reverse-fades-fx.xml
Copied D:\Devs\C++\OpenVegas\SAMPLES\veg_project\big-buck-bunny_video-60fps-4k.mp4
	to D:\Devs\C++\OpenVegas\SAMPLES\veg_project\final-cut-pro-7_davinci-resolve\big-buck-bunny_video-60fps-4k - 18.mp4
Copied D:\Devs\C++\OpenVegas\SAMPLES\veg_project\big-buck-bunny_video-60fps-4k.mp4.sfl
	to D:\Devs\C++\OpenVegas\SAMPLES\veg_project\final-cut-pro-7_davinci-resolve\big-buck-bunny_video-60fps-4k - 18.mp4.sfl
Copied D:\Devs\C++\OpenVegas\SAMPLES\veg_project\sample_for_project_audio.wav
	to D:\Devs\C++\OpenVegas\SAMPLES\veg_project\final-cut-pro-7_davinci-resolve\sample_for_project_audio - 3.wav
Deinterlace method ignored.
Motion blur type ignored.
Video output FX ignored.
Codec for first video event in sequence not found.
Effects for track 2 ignored.
Loop switch for event at 00:00:00,00 in track 2 ignored.
Effects for event at 00:03:50,25 in track 2 ignored.
Loop switch for event at 00:03:50,25 in track 2 ignored.
Composite mode for track 1 ignored.
Effects for track 1 ignored.
Effects for event at 00:00:00,00 in track 1 ignored.
Loop switch for event at 00:00:00,00 in track 1 ignored.
Saved project D:\Devs\C++\OpenVegas\SAMPLES\veg_project\project_big--buck-bunny_4x3-preview-reverse-fades-fx.veg
	to D:\Devs\C++\OpenVegas\SAMPLES\veg_project\final-cut-pro-7_davinci-resolve\project_big--buck-bunny_4x3-preview-reverse-fades-fx.xml
Archiving complete.
