Archiving D:\Devs\C++\OpenVegas\SAMPLES\veg_project\project_big--buck-bunny.veg
	to D:\Devs\C++\OpenVegas\SAMPLES\veg_project\final-cut-pro-7_davinci-resolve\project_big--buck-bunny.xml
Copied D:\Devs\C++\OpenVegas\SAMPLES\veg_project\big-buck-bunny_video-60fps-4k.mp4
	to D:\Devs\C++\OpenVegas\SAMPLES\veg_project\final-cut-pro-7_davinci-resolve\big-buck-bunny_video-60fps-4k.mp4
Deinterlace method ignored.
Motion blur type ignored.
Codec for first video event in sequence not found.
Effects for track 5 ignored.
Loop switch for event at 00:00:00,00 in track 5 ignored.
Effects for track 4 ignored.
Loop switch for event at 00:00:00,00 in track 4 ignored.
Effects for track 3 ignored.
Loop switch for event at 00:00:00,00 in track 3 ignored.
Effects for track 2 ignored.
Loop switch for event at 00:00:00,00 in track 2 ignored.
Composite mode for track 1 ignored.
Loop switch for event at 00:00:00,00 in track 1 ignored.
Saved project D:\Devs\C++\OpenVegas\SAMPLES\veg_project\project_big--buck-bunny.veg
	to D:\Devs\C++\OpenVegas\SAMPLES\veg_project\final-cut-pro-7_davinci-resolve\project_big--buck-bunny.xml
Archiving complete.
