Archiving D:\Devs\C++\OpenVegas\SAMPLES\veg_project\project_big--buck-bunny_colors-tracks.veg
	to D:\Devs\C++\OpenVegas\SAMPLES\veg_project\premiere_after-effect\project_big--buck-bunny_colors-tracks.prproj
Copied D:\Devs\C++\OpenVegas\SAMPLES\veg_project\big-buck-bunny_video-60fps-4k.mp4
	to D:\Devs\C++\OpenVegas\SAMPLES\veg_project\premiere_after-effect\big-buck-bunny_video-60fps-4k - 18.mp4
Deinterlace method ignored.
Motion blur type ignored.
Effects for track 15 ignored.
Loop switch for event at 00:00:00,00 in track 15 ignored.
Effects for track 14 ignored.
Loop switch for event at 00:00:00,00 in track 14 ignored.
Effects for track 13 ignored.
Loop switch for event at 00:00:00,00 in track 13 ignored.
Effects for track 12 ignored.
Loop switch for event at 00:00:00,00 in track 12 ignored.
Effects for track 11 ignored.
Loop switch for event at 00:00:00,00 in track 11 ignored.
Effects for track 10 ignored.
Loop switch for event at 00:00:00,00 in track 10 ignored.
Effects for track 9 ignored.
Loop switch for event at 00:00:00,00 in track 9 ignored.
Composite mode for track 8 ignored.
Loop switch for event at 00:00:00,00 in track 8 ignored.
Composite mode for track 7 ignored.
Loop switch for event at 00:00:00,00 in track 7 ignored.
Composite mode for track 6 ignored.
Loop switch for event at 00:00:00,00 in track 6 ignored.
Composite mode for track 5 ignored.
Loop switch for event at 00:00:00,00 in track 5 ignored.
Composite mode for track 4 ignored.
Loop switch for event at 00:00:00,00 in track 4 ignored.
Composite mode for track 3 ignored.
Loop switch for event at 00:00:00,00 in track 3 ignored.
Composite mode for track 2 ignored.
Loop switch for event at 00:00:00,00 in track 2 ignored.
Composite mode for track 1 ignored.
Loop switch for event at 00:00:00,00 in track 1 ignored.
Saved project D:\Devs\C++\OpenVegas\SAMPLES\veg_project\project_big--buck-bunny_colors-tracks.veg
	to D:\Devs\C++\OpenVegas\SAMPLES\veg_project\premiere_after-effect\project_big--buck-bunny_colors-tracks.prproj
Archiving complete.
