Archiving D:\Devs\C++\OpenVegas\SAMPLES\veg_project\project_sample_for_project_pictures.veg
	to D:\Devs\C++\OpenVegas\SAMPLES\veg_project\final-cut-pro-x\project_sample_for_project_pictures.fcpxml
Copied D:\Devs\C++\OpenVegas\SAMPLES\veg_project\sample_for_project_picture_1.png
	to D:\Devs\C++\OpenVegas\SAMPLES\veg_project\final-cut-pro-x\sample_for_project_picture_1.png
Copied D:\Devs\C++\OpenVegas\SAMPLES\veg_project\sample_for_project_picture_2.png
	to D:\Devs\C++\OpenVegas\SAMPLES\veg_project\final-cut-pro-x\sample_for_project_picture_2.png
Deinterlace method ignored.
Motion blur type ignored.
Project format cannot be matched to FCP X video format.
Composite mode for track 1 ignored.
Loop switch for event at 00:00:00,00 in track 1 ignored.
Event(00:00:00,00, track 1) is looped due to a duration change. Please fix this otherwise import in FCP X will be faulty.
Loop switch for event at 00:00:05,00 in track 1 ignored.
Event(00:00:05,00, track 1) is looped due to a duration change. Please fix this otherwise import in FCP X will be faulty.
Saved project D:\Devs\C++\OpenVegas\SAMPLES\veg_project\project_sample_for_project_pictures.veg
	to D:\Devs\C++\OpenVegas\SAMPLES\veg_project\final-cut-pro-x\project_sample_for_project_pictures.fcpxml
Removed unused media from the project:
    removed D:\Devs\C++\OpenVegas\SAMPLES\veg_project\big-buck-bunny_video-60fps-4k.mp4
    removed D:\Devs\C++\OpenVegas\SAMPLES\veg_project\sample_for_project_audio.wav
Archiving complete.
