Archiving D:\Devs\C++\OpenVegas\SAMPLES\veg_project\project_big--buck-bunny+other-video.veg
	to D:\Devs\C++\OpenVegas\SAMPLES\veg_project\final-cut-pro-x\project_big--buck-bunny+other-video.fcpxml
Copied C:\Users\Admin\Videos\Kdenlive.mp4
	to D:\Devs\C++\OpenVegas\SAMPLES\veg_project\final-cut-pro-x\Kdenlive.mp4
Copied D:\Devs\C++\OpenVegas\SAMPLES\veg_project\big-buck-bunny_video-60fps-4k.mp4
	to D:\Devs\C++\OpenVegas\SAMPLES\veg_project\final-cut-pro-x\big-buck-bunny_video-60fps-4k-8.mp4
Copied D:\Devs\C++\OpenVegas\SAMPLES\veg_project\big-buck-bunny_video-60fps-4k.mp4.sfl
	to D:\Devs\C++\OpenVegas\SAMPLES\veg_project\final-cut-pro-x\big-buck-bunny_video-60fps-4k-8.mp4.sfl
Deinterlace method ignored.
Motion blur type ignored.
Project format cannot be matched to FCP X video format.
Effects for track 2 ignored.
Loop switch for event at 00:00:00,00 in track 2 ignored.
Event group for event at 00:00:00,00 in track 2 ignored.
Loop switch for event at 00:00:24,35 in track 2 ignored.
Event group for event at 00:00:24,35 in track 2 ignored.
Composite mode for track 1 ignored.
Loop switch for event at 00:00:00,00 in track 1 ignored.
Event group for event at 00:00:00,00 in track 1 ignored.
Loop switch for event at 00:00:24,35 in track 1 ignored.
Event group for event at 00:00:24,35 in track 1 ignored.
Saved project D:\Devs\C++\OpenVegas\SAMPLES\veg_project\project_big--buck-bunny+other-video.veg
	to D:\Devs\C++\OpenVegas\SAMPLES\veg_project\final-cut-pro-x\project_big--buck-bunny+other-video.fcpxml
Archiving complete.
