Archiving D:\Devs\C++\OpenVegas\SAMPLES\veg_project\project_big--buck-bunny_opacity-gain.veg
	to D:\Devs\C++\OpenVegas\SAMPLES\veg_project\final-cut-pro-x\project_big--buck-bunny_opacity-gain.fcpxml
Copied D:\Devs\C++\OpenVegas\SAMPLES\veg_project\big-buck-bunny_video-60fps-4k.mp4
	to D:\Devs\C++\OpenVegas\SAMPLES\veg_project\final-cut-pro-x\big-buck-bunny_video-60fps-4k-3.mp4
Deinterlace method ignored.
Motion blur type ignored.
Project format cannot be matched to FCP X video format.
Effects for track 8 ignored.
Loop switch for event at 00:00:00,00 in track 8 ignored.
Volume for event at 00:00:00,00 in track 8 ignored.
Event group for event at 00:00:00,00 in track 8 ignored.
Effects for track 7 ignored.
Loop switch for event at 00:00:00,00 in track 7 ignored.
Event group for event at 00:00:00,00 in track 7 ignored.
Effects for track 6 ignored.
Loop switch for event at 00:00:00,00 in track 6 ignored.
Volume for event at 00:00:00,00 in track 6 ignored.
Event group for event at 00:00:00,00 in track 6 ignored.
Effects for track 5 ignored.
Loop switch for event at 00:00:00,00 in track 5 ignored.
Volume for event at 00:00:00,00 in track 5 ignored.
Event group for event at 00:00:00,00 in track 5 ignored.
Composite mode for track 4 ignored.
Loop switch for event at 00:00:00,00 in track 4 ignored.
Opacity for event at 00:00:00,00 in track 4 ignored.
Composite mode for track 3 ignored.
Loop switch for event at 00:00:00,00 in track 3 ignored.
Composite mode for track 2 ignored.
Loop switch for event at 00:00:00,00 in track 2 ignored.
Opacity for event at 00:00:00,00 in track 2 ignored.
Composite mode for track 1 ignored.
Loop switch for event at 00:00:00,00 in track 1 ignored.
Opacity for event at 00:00:00,00 in track 1 ignored.
Event group for event at 00:00:00,00 in track 1 ignored.
Saved project D:\Devs\C++\OpenVegas\SAMPLES\veg_project\project_big--buck-bunny_opacity-gain.veg
	to D:\Devs\C++\OpenVegas\SAMPLES\veg_project\final-cut-pro-x\project_big--buck-bunny_opacity-gain.fcpxml
Archiving complete.
