Archiving D:\Devs\C++\OpenVegas\SAMPLES\veg_project\project_big--buck-bunny_mix-console.veg
	to D:\Devs\C++\OpenVegas\SAMPLES\veg_project\final-cut-pro-x\project_big--buck-bunny_mix-console.fcpxml
Copied D:\Devs\C++\OpenVegas\SAMPLES\veg_project\big-buck-bunny_video-60fps-4k.mp4
	to D:\Devs\C++\OpenVegas\SAMPLES\veg_project\final-cut-pro-x\big-buck-bunny_video-60fps-4k-5.mp4
Deinterlace method ignored.
Motion blur type ignored.
Project format cannot be matched to FCP X video format.
Effects for track 5 ignored.
Loop switch for event at 00:00:00,00 in track 5 ignored.
Event group for event at 00:00:00,00 in track 5 ignored.
Effects for track 4 ignored.
Loop switch for event at 00:00:00,00 in track 4 ignored.
Event group for event at 00:00:00,00 in track 4 ignored.
Effects for track 3 ignored.
Loop switch for event at 00:00:00,00 in track 3 ignored.
Event group for event at 00:00:00,00 in track 3 ignored.
Effects for track 2 ignored.
Loop switch for event at 00:00:00,00 in track 2 ignored.
Event group for event at 00:00:00,00 in track 2 ignored.
Composite mode for track 1 ignored.
Loop switch for event at 00:00:00,00 in track 1 ignored.
Event group for event at 00:00:00,00 in track 1 ignored.
Saved project D:\Devs\C++\OpenVegas\SAMPLES\veg_project\project_big--buck-bunny_mix-console.veg
	to D:\Devs\C++\OpenVegas\SAMPLES\veg_project\final-cut-pro-x\project_big--buck-bunny_mix-console.fcpxml
Archiving complete.
