Archiving D:\Devs\C++\OpenVegas\SAMPLES\veg_project\project_transitions_othersmores.veg
	to D:\Devs\C++\OpenVegas\SAMPLES\veg_project\premiere_after-effect\project_transitions_othersmores.prproj
Copied D:\Devs\C++\OpenVegas\SAMPLES\veg_project\big-buck-bunny_video-60fps-4k.mp4
	to D:\Devs\C++\OpenVegas\SAMPLES\veg_project\premiere_after-effect\big-buck-bunny_video-60fps-4k - 10.mp4
Copied D:\Devs\C++\OpenVegas\SAMPLES\veg_project\big-buck-bunny_video-60fps-4k.mp4.sfl
	to D:\Devs\C++\OpenVegas\SAMPLES\veg_project\premiere_after-effect\big-buck-bunny_video-60fps-4k - 10.mp4.sfl
Deinterlace method ignored.
Motion blur type ignored.
Effects for track 5 ignored.
Loop switch for event at 00:00:00,00 in track 5 ignored.
Effects for track 4 ignored.
Loop switch for event at 00:00:00,00 in track 4 ignored.
Effects for track 3 ignored.
Loop switch for event at 00:00:00,00 in track 3 ignored.
Effects for track 2 ignored.
Loop switch for event at 00:00:00,00 in track 2 ignored.
Composite mode for track 1 ignored.
Loop switch for event at 00:00:00,00 in track 1 ignored.
Saved project D:\Devs\C++\OpenVegas\SAMPLES\veg_project\project_big--buck-bunny.veg
	to D:\Devs\C++\OpenVegas\SAMPLES\veg_project\premiere_after-effect\project_big--buck-bunny.veg
Unexpected problem: System.Runtime.InteropServices.COMException (0x80004005): Error HRESULT E_FAIL has been returned from a call to a COM component.
   at ScriptPortal.Vegas.IMediaCOM.IsNestableProject(UInt32 mediaID, Boolean& isNestableProject)
   at ScriptPortal.Vegas.Media.CreateInstance(Project project, IMediaCOM com, UInt32 mediaID, MetaPathType metaType)
   at ScriptPortal.MediaSoftware.Archive.ApplyReplacements.ApplyReplacement(Dictionary`2 pathsMap, Replacement r)
   at ScriptPortal.MediaSoftware.Archive.ApplyReplacements.ApplyReplacements_DoWork()
   at ScriptPortal.MediaSoftware.Archive.SinglethreadStep.Run()
   at ScriptPortal.MediaSoftware.Archive.Steps.NextStep()
Archiving complete.
