Archiving D:\Devs\C++\OpenVegas\SAMPLES\veg_project\project_big--buck-bunny_4x3-preview-reverse-fades-fx1.veg
	to D:\Devs\C++\OpenVegas\SAMPLES\veg_project\premiere_after-effect\project_big--buck-bunny_4x3-preview-reverse-fades-fx1.prproj
Copied D:\Devs\C++\OpenVegas\SAMPLES\veg_project\big-buck-bunny_video-60fps-4k.mp4
	to D:\Devs\C++\OpenVegas\SAMPLES\veg_project\premiere_after-effect\big-buck-bunny_video-60fps-4k - 19.mp4
Copied D:\Devs\C++\OpenVegas\SAMPLES\veg_project\sample_for_project_audio.wav
	to D:\Devs\C++\OpenVegas\SAMPLES\veg_project\premiere_after-effect\sample_for_project_audio - 5.wav
Deinterlace method ignored.
Motion blur type ignored.
Video output FX ignored.
Effects for track 2 ignored.
Loop switch for event at 00:00:00,00 in track 2 ignored.
Effects for event at 00:03:52,23 in track 2 ignored.
Loop switch for event at 00:03:52,23 in track 2 ignored.
Loop switch for event at 00:03:56,00 in track 2 ignored.
Composite mode for track 1 ignored.
Effects for track 1 ignored.
Effects for event at 00:00:00,00 in track 1 ignored.
Loop switch for event at 00:00:00,00 in track 1 ignored.
Saved project D:\Devs\C++\OpenVegas\SAMPLES\veg_project\project_big--buck-bunny_4x3-preview-reverse-fades-fx1.veg
	to D:\Devs\C++\OpenVegas\SAMPLES\veg_project\premiere_after-effect\project_big--buck-bunny_4x3-preview-reverse-fades-fx1.prproj
Archiving complete.
