Archiving D:\Devs\C++\OpenVegas\SAMPLES\veg_project\project_transitions_3d-blinds.veg
	to D:\Devs\C++\OpenVegas\SAMPLES\veg_project\premiere_after-effect\project_transitions_3d-blinds.prproj
Copied D:\Devs\C++\OpenVegas\SAMPLES\veg_project\big-buck-bunny_video-60fps-4k.mp4
	to D:\Devs\C++\OpenVegas\SAMPLES\veg_project\premiere_after-effect\big-buck-bunny_video-60fps-4k - 9.mp4
Copied D:\Devs\C++\OpenVegas\SAMPLES\veg_project\big-buck-bunny_video-60fps-4k.mp4.sfl
	to D:\Devs\C++\OpenVegas\SAMPLES\veg_project\premiere_after-effect\big-buck-bunny_video-60fps-4k - 9.mp4.sfl
Deinterlace method ignored.
Motion blur type ignored.
Effects for track 2 ignored.
Loop switch for event at 00:00:00,00 in track 2 ignored.
Loop switch for event at 00:00:30,06 in track 2 ignored.
Loop switch for event at 00:01:00,12 in track 2 ignored.
Loop switch for event at 00:01:30,18 in track 2 ignored.
Loop switch for event at 00:02:15,03 in track 2 ignored.
Loop switch for event at 00:02:45,09 in track 2 ignored.
Loop switch for event at 00:03:15,15 in track 2 ignored.
Loop switch for event at 00:03:45,21 in track 2 ignored.
Loop switch for event at 00:04:29,57 in track 2 ignored.
Loop switch for event at 00:04:46,03 in track 2 ignored.
Loop switch for event at 00:05:16,09 in track 2 ignored.
Loop switch for event at 00:05:32,15 in track 2 ignored.
Loop switch for event at 00:06:02,21 in track 2 ignored.
Loop switch for event at 00:06:18,27 in track 2 ignored.
Loop switch for event at 00:06:48,33 in track 2 ignored.
Loop switch for event at 00:07:04,39 in track 2 ignored.
Composite mode for track 1 ignored.
Loop switch for event at 00:00:00,00 in track 1 ignored.
Loop switch for event at 00:00:30,06 in track 1 ignored.
Loop switch for event at 00:01:00,12 in track 1 ignored.
Loop switch for event at 00:01:30,18 in track 1 ignored.
Loop switch for event at 00:02:15,03 in track 1 ignored.
Loop switch for event at 00:02:45,09 in track 1 ignored.
Loop switch for event at 00:03:15,15 in track 1 ignored.
Loop switch for event at 00:03:45,21 in track 1 ignored.
Loop switch for event at 00:04:29,57 in track 1 ignored.
Loop switch for event at 00:04:46,03 in track 1 ignored.
Ignoring 3D Blinds transition effect for event at 00:04:46,03 in track 1(replacing it with a simple cross dissolve).
Loop switch for event at 00:05:16,09 in track 1 ignored.
Loop switch for event at 00:05:32,15 in track 1 ignored.
Ignoring 3D Blinds transition effect for event at 00:05:32,15 in track 1(replacing it with a simple cross dissolve).
Loop switch for event at 00:06:02,21 in track 1 ignored.
Loop switch for event at 00:06:18,27 in track 1 ignored.
Ignoring 3D Blinds transition effect for event at 00:06:18,27 in track 1(replacing it with a simple cross dissolve).
Loop switch for event at 00:06:48,33 in track 1 ignored.
Loop switch for event at 00:07:04,39 in track 1 ignored.
Ignoring 3D Blinds transition effect for event at 00:07:04,39 in track 1(replacing it with a simple cross dissolve).
Saved project D:\Devs\C++\OpenVegas\SAMPLES\veg_project\project_transitions_3d-blinds.veg
	to D:\Devs\C++\OpenVegas\SAMPLES\veg_project\premiere_after-effect\project_transitions_3d-blinds.prproj
Archiving complete.
